Archive member included because of file (symbol)

/usr/lib/gcc/arm-none-eabi/4.9.3/libgcc.a(_udivsi3.o)
                              binaries/fs.o (__aeabi_uidiv)
/usr/lib/gcc/arm-none-eabi/4.9.3/libgcc.a(_divsi3.o)
                              binaries/xsh_help.o (__aeabi_idiv)
/usr/lib/gcc/arm-none-eabi/4.9.3/libgcc.a(_dvmd_tls.o)
                              /usr/lib/gcc/arm-none-eabi/4.9.3/libgcc.a(_udivsi3.o) (__aeabi_idiv0)

Allocating common symbols
Common symbol       size              file

netbufpool          0x4               binaries/net.o
readylist           0x2               binaries/ready.o
rfltab              0x5a0             binaries/rflinit.o
sleepq              0x2               binaries/clkinit.o
n                   0x4               binaries/xsh_prodcons.o
intc_vector         0x200             binaries/evec.o
nnames              0x4               binaries/naminit.o
udptab              0x168             binaries/udp.o
minheap             0x4               binaries/meminit.o
marks               0x50              binaries/mark.o
currpid             0x4               binaries/initialize.o
Lf_data             0x20c             binaries/lfsinit.o
porttab             0x2d0             binaries/ptinit.o
ttytab              0x10c             binaries/ttyinit.o
proctab             0x15e0            binaries/initialize.o
eth_a_regs          0x1c              binaries/ethinit.o
prcount             0x4               binaries/initialize.o
dev0_blocks         0x4               binaries/fs.o
lfltab              0xf00             binaries/lflinit.o
block_cache         0x200             binaries/fs.o
rdstab              0x8c              binaries/rdsinit.o
ethertab            0x138             binaries/ethinit.o
nsaddr              0x4               binaries/dns.o
NetData             0xa8              binaries/net.o
blank_inode         0x40              binaries/fs.o
nmarks              0x4               binaries/mark.o
dev0_blocksize      0x4               binaries/fs.o
Defer               0x8               binaries/resched.o
semtab              0x4b0             binaries/initialize.o
maxheap             0x4               binaries/meminit.o
preempt             0x4               binaries/clkinit.o
buftab              0xf0              binaries/bufinit.o
Rf_data             0x18              binaries/rfsinit.o
mkmutex             0x4               binaries/mark.o
ft_ptr              0x4               binaries/fs.o
clktime             0x4               binaries/clkinit.o
cpudelay            0x4               binaries/main.o
arpcache            0x140             binaries/arp.o
icmptab             0x230             binaries/icmp.o
nbpools             0x4               binaries/bufinit.o
oft                 0x540             binaries/fs.o
queuetab            0x980             binaries/queue.o
dev0_numblocks      0x4               binaries/fs.o
ptnextid            0x4               binaries/ptinit.o
Ram                 0x19000           binaries/raminit.o
ipoqueue            0x2c              binaries/ip.o
consumed            0x4               binaries/xsh_prodcons.o
memlist             0x8               binaries/initialize.o
produced            0x4               binaries/xsh_prodcons.o
nametab             0x19a0            binaries/naminit.o
ptfree              0x4               binaries/ptinit.o

Memory Configuration

Name             Origin             Length             Attributes
*default*        0x0000000000000000 0xffffffffffffffff

Linker script and memory map

                0x0000000081000000                physbase = 0x81000000
                0x0000000081000000                . = physbase
                0x0000000081000000                . = ALIGN (0x1000)

.text           0x0000000081000000    0x19000
                0x0000000081000000                text = ABSOLUTE (.)
 *(.text .text.*)
 .text          0x0000000081000000       0x4c binaries/start.o
                0x0000000081000000                start
 .text          0x000000008100004c      0x370 binaries/ascdate.o
                0x000000008100004c                ascdate
 .text          0x00000000810003bc      0x17c binaries/bs.o
                0x00000000810003bc                bs_mkdev
                0x0000000081000458                bs_bread
                0x00000000810004c8                bs_bwrite
 .text          0x0000000081000538       0x18 binaries/bufinit.o
                0x0000000081000538                bufinit
 .text          0x0000000081000550       0x70 binaries/chprio.o
                0x0000000081000550                chprio
 .text          0x00000000810005c0       0xf0 binaries/clkhandler.o
                0x00000000810005c0                clkhandler
 .text          0x00000000810006b0       0xd4 binaries/clkinit.o
                0x00000000810006b0                clkinit
 .text          0x0000000081000784       0x5c binaries/close.o
                0x0000000081000784                close
 .text          0x00000000810007e0        0x0 binaries/conf.o
 .text          0x00000000810007e0       0x70 binaries/control.o
                0x00000000810007e0                control
 .text          0x0000000081000850      0x2c0 binaries/create.o
                0x0000000081000850                create
 .text          0x0000000081000b10       0xb0 binaries/evec.o
                0x0000000081000b10                initintc
                0x0000000081000b3c                set_evec
                0x0000000081000b7c                irq_dispatch
 .text          0x0000000081000bc0       0x10 binaries/exit.o
                0x0000000081000bc0                exit
 .text          0x0000000081000bd0       0x84 binaries/freebuf.o
                0x0000000081000bd0                freebuf
 .text          0x0000000081000c54      0x150 binaries/freemem.o
                0x0000000081000c54                freemem
 .text          0x0000000081000da4      0xa38 binaries/fs.o
                0x0000000081000da4                fs_close
                0x0000000081000e10                fs_seek
                0x0000000081000e18                fs_read
                0x0000000081000e20                fs_write
                0x0000000081000e28                fs_fileblock_to_diskblock
                0x0000000081000e68                fs_get_inode_by_num
                0x0000000081000f2c                fs_print_fsd
                0x0000000081000fc0                fs_setmaskbit
                0x0000000081001004                fs_put_inode_by_num
                0x00000000810010f4                fs_open
                0x00000000810013c8                fs_create
                0x0000000081001544                fs_mkfs
                0x00000000810016b4                fs_getmaskbit
                0x00000000810016f0                fs_clearmaskbit
                0x0000000081001734                fs_printfreemask
 .text          0x00000000810017dc       0x64 binaries/future_alloc.o
                0x00000000810017dc                future_alloc
 .text          0x0000000081001840       0x9c binaries/future_free.o
                0x0000000081001840                future_free
 .text          0x00000000810018dc      0x3bc binaries/future_get.o
                0x00000000810018dc                handle_exclusive_get
                0x0000000081001988                handle_shared_get
                0x0000000081001a28                handle_queue_get
                0x0000000081001bec                future_get
 .text          0x0000000081001c98      0x380 binaries/future_set.o
                0x0000000081001c98                handle_exclusive_set
                0x0000000081001d04                handle_shared_set
                0x0000000081001d9c                handle_queue_set
                0x0000000081001f70                future_set
 .text          0x0000000081002018       0x7c binaries/getbuf.o
                0x0000000081002018                getbuf
 .text          0x0000000081002094       0x5c binaries/getc.o
                0x0000000081002094                getc
 .text          0x00000000810020f0       0x68 binaries/getdev.o
                0x00000000810020f0                getdev
 .text          0x0000000081002158       0xa0 binaries/getitem.o
                0x0000000081002158                getitem
                0x0000000081002188                getfirst
                0x00000000810021bc                getlast
 .text          0x00000000810021f8      0x108 binaries/getmem.o
                0x00000000810021f8                getmem
 .text          0x0000000081002300       0x10 binaries/getpid.o
                0x0000000081002300                getpid
 .text          0x0000000081002310       0x5c binaries/getprio.o
                0x0000000081002310                getprio
 .text          0x000000008100236c       0xd0 binaries/getstk.o
                0x000000008100236c                getstk
 .text          0x000000008100243c       0x38 binaries/gettime.o
                0x000000008100243c                gettime
 .text          0x0000000081002474      0x1c8 binaries/getutime.o
                0x0000000081002474                getutime
 .text          0x000000008100263c       0x5c binaries/init.o
                0x000000008100263c                init
 .text          0x0000000081002698      0x2f8 binaries/initialize.o
                0x0000000081002698                nulluser
                0x0000000081002930                stop
                0x0000000081002954                delay
 .text          0x0000000081002990       0xc0 binaries/insert.o
                0x0000000081002990                insert
 .text          0x0000000081002a50      0x12c binaries/insertd.o
                0x0000000081002a50                insertd
 .text          0x0000000081002b7c        0x8 binaries/ioerr.o
                0x0000000081002b7c                ioerr
 .text          0x0000000081002b84        0x8 binaries/ionull.o
                0x0000000081002b84                ionull
 .text          0x0000000081002b8c      0x190 binaries/kill.o
                0x0000000081002b8c                kill
 .text          0x0000000081002d1c       0xb4 binaries/kprintf.o
                0x0000000081002d1c                kputc
                0x0000000081002d5c                kgetc
                0x0000000081002d90                kprintf
 .text          0x0000000081002dd0       0xf8 binaries/main.o
                0x0000000081002dd0                counterproc
                0x0000000081002e0c                main
 .text          0x0000000081002ec8       0xd0 binaries/mark.o
                0x0000000081002ec8                markinit
                0x0000000081002ef4                mark
 .text          0x0000000081002f98       0x44 binaries/meminit.o
                0x0000000081002f98                meminit
 .text          0x0000000081002fdc      0x138 binaries/mkbufpool.o
                0x0000000081002fdc                mkbufpool
 .text          0x0000000081003114       0x88 binaries/newqueue.o
                0x0000000081003114                newqueue
 .text          0x000000008100319c       0x68 binaries/open.o
                0x000000008100319c                open
 .text          0x0000000081003204       0x20 binaries/panic.o
                0x0000000081003204                panic
 .text          0x0000000081003224       0x48 binaries/platinit.o
                0x0000000081003224                platinit
 .text          0x000000008100326c       0xa8 binaries/ptclear.o
                0x000000008100326c                _ptclear
 .text          0x0000000081003314       0x90 binaries/ptcount.o
                0x0000000081003314                ptcount
 .text          0x00000000810033a4      0x100 binaries/ptcreate.o
                0x00000000810033a4                ptcreate
 .text          0x00000000810034a4       0x70 binaries/ptdelete.o
                0x00000000810034a4                ptdelete
 .text          0x0000000081003514       0xbc binaries/ptinit.o
                0x0000000081003514                ptinit
 .text          0x00000000810035d0      0x144 binaries/ptrecv.o
                0x00000000810035d0                ptrecv
 .text          0x0000000081003714       0x6c binaries/ptreset.o
                0x0000000081003714                ptreset
 .text          0x0000000081003780      0x15c binaries/ptsend.o
                0x0000000081003780                ptsend
 .text          0x00000000810038dc       0x64 binaries/putc.o
                0x00000000810038dc                putc
 .text          0x0000000081003940       0xe0 binaries/queue.o
                0x0000000081003940                enqueue
                0x00000000810039c4                dequeue
 .text          0x0000000081003a20       0x68 binaries/read.o
                0x0000000081003a20                read
 .text          0x0000000081003a88       0x74 binaries/ready.o
                0x0000000081003a88                ready
 .text          0x0000000081003afc       0x84 binaries/receive.o
                0x0000000081003afc                receive
 .text          0x0000000081003b80       0x64 binaries/recvclr.o
                0x0000000081003b80                recvclr
 .text          0x0000000081003be4       0xe0 binaries/recvtime.o
                0x0000000081003be4                recvtime
 .text          0x0000000081003cc4      0x1d0 binaries/resched.o
                0x0000000081003cc4                resched
                0x0000000081003de0                resched_cntl
 .text          0x0000000081003e94       0x88 binaries/resume.o
                0x0000000081003e94                resume
 .text          0x0000000081003f1c       0x64 binaries/seek.o
                0x0000000081003f1c                seek
 .text          0x0000000081003f80       0x58 binaries/semcount.o
                0x0000000081003f80                semcount
 .text          0x0000000081003fd8       0xb8 binaries/semcreate.o
                0x0000000081003fd8                semcreate
 .text          0x0000000081004090       0xc8 binaries/semdelete.o
                0x0000000081004090                semdelete
 .text          0x0000000081004158       0xb4 binaries/semreset.o
                0x0000000081004158                semreset
 .text          0x000000008100420c       0xc8 binaries/send.o
                0x000000008100420c                send
 .text          0x00000000810042d4       0x98 binaries/signal.o
                0x00000000810042d4                signal
 .text          0x000000008100436c       0xb8 binaries/signaln.o
                0x000000008100436c                signaln
 .text          0x0000000081004424       0xd4 binaries/sleep.o
                0x0000000081004424                sleepms
                0x00000000810044c4                sleep
 .text          0x00000000810044f8       0xd0 binaries/suspend.o
                0x00000000810044f8                suspend
 .text          0x00000000810045c8       0xa4 binaries/unsleep.o
                0x00000000810045c8                unsleep
 .text          0x000000008100466c       0x10 binaries/userret.o
                0x000000008100466c                userret
 .text          0x000000008100467c       0xc4 binaries/wait.o
                0x000000008100467c                wait
 .text          0x0000000081004740       0x90 binaries/wakeup.o
                0x0000000081004740                wakeup
 .text          0x00000000810047d0       0x68 binaries/write.o
                0x00000000810047d0                write
 .text          0x0000000081004838       0x18 binaries/xdone.o
                0x0000000081004838                xdone
 .text          0x0000000081004850       0x20 binaries/yield.o
                0x0000000081004850                yield
 .text          0x0000000081004870        0xc binaries/abs.o
                0x0000000081004870                abs
 .text          0x000000008100487c      0x130 binaries/atoi.o
                0x000000008100487c                atoi
 .text          0x00000000810049ac      0x130 binaries/atol.o
                0x00000000810049ac                atol
 .text          0x0000000081004adc       0x20 binaries/bzero.o
                0x0000000081004adc                bzero
 .text          0x0000000081004afc        0x0 binaries/ctype_.o
 .text          0x0000000081004afc      0x968 binaries/doprnt.o
                0x0000000081004cec                _doprnt
 .text          0x0000000081005464      0x728 binaries/doscan.o
                0x0000000081005464                _doscan
 .text          0x0000000081005b8c      0x8c0 binaries/fdoprnt.o
                0x0000000081005c3c                _fdoprnt
 .text          0x000000008100644c       0x14 binaries/fgetc.o
                0x000000008100644c                fgetc
 .text          0x0000000081006460       0x84 binaries/fgets.o
                0x0000000081006460                fgets
 .text          0x00000000810064e4       0x3c binaries/fprintf.o
                0x00000000810064e4                fprintf
 .text          0x0000000081006520       0x24 binaries/fputc.o
                0x0000000081006520                fputc
 .text          0x0000000081006544       0x38 binaries/fputs.o
                0x0000000081006544                fputs
 .text          0x000000008100657c       0x78 binaries/fscanf.o
                0x00000000810065b0                fscanf
 .text          0x00000000810065f4       0x2c binaries/getchar.o
                0x00000000810065f4                getchar
 .text          0x0000000081006620        0xc binaries/labs.o
                0x0000000081006620                labs
 .text          0x000000008100662c       0x40 binaries/memchr.o
                0x000000008100662c                memchr
 .text          0x000000008100666c       0x58 binaries/memcmp.o
                0x000000008100666c                memcmp
 .text          0x00000000810066c4       0x24 binaries/memcpy.o
                0x00000000810066c4                memcpy
 .text          0x00000000810066e8       0x20 binaries/memset.o
                0x00000000810066e8                memset
 .text          0x0000000081006708       0x58 binaries/printf.o
                0x0000000081006708                printf
 .text          0x0000000081006760       0x2c binaries/putchar.o
                0x0000000081006760                putchar
 .text          0x000000008100678c      0x238 binaries/qsort.o
                0x00000000810069a4                qsort
 .text          0x00000000810069c4       0x38 binaries/rand.o
                0x00000000810069c4                srand
                0x00000000810069d4                rand
 .text          0x00000000810069fc       0x68 binaries/sprintf.o
                0x0000000081006a14                sprintf
 .text          0x0000000081006a64       0x78 binaries/sscanf.o
                0x0000000081006a98                sscanf
 .text          0x0000000081006adc       0x40 binaries/strchr.o
                0x0000000081006adc                strchr
 .text          0x0000000081006b1c       0x54 binaries/strcmp.o
                0x0000000081006b1c                strcmp
 .text          0x0000000081006b70       0x1c binaries/strcpy.o
                0x0000000081006b70                strcpy
 .text          0x0000000081006b8c       0x30 binaries/strlen.o
                0x0000000081006b8c                strlen
 .text          0x0000000081006bbc       0x50 binaries/strncat.o
                0x0000000081006bbc                strncat
 .text          0x0000000081006c0c       0x50 binaries/strncmp.o
                0x0000000081006c0c                strncmp
 .text          0x0000000081006c5c       0x80 binaries/strncpy.o
                0x0000000081006c5c                strncpy
 .text          0x0000000081006cdc       0x50 binaries/strnlen.o
                0x0000000081006cdc                strnlen
 .text          0x0000000081006d2c       0x40 binaries/strrchr.o
                0x0000000081006d2c                strrchr
 .text          0x0000000081006d6c       0xb0 binaries/strstr.o
                0x0000000081006d6c                strstr
 .text          0x0000000081006e1c      0x154 binaries/ttycontrol.o
                0x0000000081006e1c                ttycontrol
 .text          0x0000000081006f70       0xc8 binaries/ttygetc.o
                0x0000000081006f70                ttygetc
 .text          0x0000000081007038      0x4d4 binaries/ttyhandle_in.o
                0x0000000081007104                ttyhandle_in
 .text          0x000000008100750c      0x16c binaries/ttyhandle_out.o
                0x000000008100750c                ttyhandle_out
 .text          0x0000000081007678       0xcc binaries/ttyhandler.o
                0x0000000081007678                ttyhandler
 .text          0x0000000081007744      0x144 binaries/ttyinit.o
                0x0000000081007744                ttyinit
 .text          0x0000000081007888        0xc binaries/ttykickout.o
                0x0000000081007888                ttykickout
 .text          0x0000000081007894       0x9c binaries/ttyputc.o
                0x0000000081007894                ttyputc
 .text          0x0000000081007930      0x134 binaries/ttyread.o
                0x0000000081007930                ttyread
 .text          0x0000000081007a64       0x48 binaries/ttywrite.o
                0x0000000081007a64                ttywrite
 .text          0x0000000081007aac      0x160 binaries/mount.o
                0x0000000081007aac                namlen
                0x0000000081007b04                mount
 .text          0x0000000081007c0c      0x1c0 binaries/naminit.o
                0x0000000081007c0c                naminit
 .text          0x0000000081007dcc      0x24c binaries/nammap.o
                0x0000000081007dcc                namrepl
                0x0000000081007f1c                namcpy
                0x0000000081007f78                nammap
 .text          0x0000000081008018       0x40 binaries/namopen.o
                0x0000000081008018                namopen
 .text          0x0000000081008058      0x108 binaries/colon2mac.o
                0x0000000081008058                colon2mac
 .text          0x0000000081008160       0x44 binaries/ethcontrol.o
                0x0000000081008160                ethcontrol
 .text          0x00000000810081a4      0x178 binaries/ethhandler.o
                0x00000000810081a4                ethhandler
 .text          0x000000008100831c      0x7f8 binaries/ethinit.o
                0x000000008100831c                eth_phy_read
                0x0000000081008380                eth_phy_write
                0x00000000810083c8                eth_phy_reset
                0x0000000081008528                ethinit
 .text          0x0000000081008b14       0xf8 binaries/ethread.o
                0x0000000081008b14                ethread
 .text          0x0000000081008c0c       0xf8 binaries/ethwrite.o
                0x0000000081008c0c                ethwrite
 .text          0x0000000081008d04       0x88 binaries/rdsbufalloc.o
                0x0000000081008d04                rdsbufalloc
 .text          0x0000000081008d8c       0xe8 binaries/rdsclose.o
                0x0000000081008d8c                rdsclose
 .text          0x0000000081008e74      0x1e8 binaries/rdscomm.o
                0x0000000081008e74                rdscomm
 .text          0x000000008100905c      0x1b0 binaries/rdscontrol.o
                0x000000008100905c                rdscontrol
 .text          0x000000008100920c      0x1e0 binaries/rdsinit.o
                0x000000008100920c                rdsinit
 .text          0x00000000810093ec      0x1a0 binaries/rdsopen.o
                0x00000000810093ec                rdsopen
 .text          0x000000008100958c      0x2d4 binaries/rdsprocess.o
                0x000000008100958c                rdsprocess
 .text          0x0000000081009860      0x240 binaries/rdsread.o
                0x0000000081009860                rdsread
 .text          0x0000000081009aa0      0x1d0 binaries/rdswrite.o
                0x0000000081009aa0                rdswrite
 .text          0x0000000081009c70        0x8 binaries/ramclose.o
                0x0000000081009c70                ramclose
 .text          0x0000000081009c78       0x3c binaries/raminit.o
                0x0000000081009c78                raminit
 .text          0x0000000081009cb4        0x8 binaries/ramopen.o
                0x0000000081009cb4                ramopen
 .text          0x0000000081009cbc       0x24 binaries/ramread.o
                0x0000000081009cbc                ramread
 .text          0x0000000081009ce0       0x20 binaries/ramwrite.o
                0x0000000081009ce0                ramwrite
 .text          0x0000000081009d00       0x94 binaries/lfdballoc.o
                0x0000000081009d00                lfdballoc
 .text          0x0000000081009d94       0x4c binaries/lfdbfree.o
                0x0000000081009d94                lfdbfree
 .text          0x0000000081009de0       0xb8 binaries/lfflush.o
                0x0000000081009de0                lfflush
 .text          0x0000000081009e98       0xc8 binaries/lfgetmode.o
                0x0000000081009e98                lfgetmode
 .text          0x0000000081009f60       0x6c binaries/lfiballoc.o
                0x0000000081009f60                lfiballoc
 .text          0x0000000081009fcc       0x28 binaries/lfibclear.o
                0x0000000081009fcc                lfibclear
 .text          0x0000000081009ff4       0x64 binaries/lfibget.o
                0x0000000081009ff4                lfibget
 .text          0x000000008100a058       0x90 binaries/lfibput.o
                0x000000008100a058                lfibput
 .text          0x000000008100a0e8       0xc4 binaries/lflclose.o
                0x000000008100a0e8                lflclose
 .text          0x000000008100a1ac       0xc8 binaries/lflcontrol.o
                0x000000008100a1ac                lflcontrol
 .text          0x000000008100a274      0x10c binaries/lflgetc.o
                0x000000008100a274                lflgetc
 .text          0x000000008100a380       0xd0 binaries/lflinit.o
                0x000000008100a380                lflinit
 .text          0x000000008100a450      0x14c binaries/lflputc.o
                0x000000008100a450                lflputc
 .text          0x000000008100a59c       0x70 binaries/lflread.o
                0x000000008100a59c                lflread
 .text          0x000000008100a60c       0xc0 binaries/lflseek.o
                0x000000008100a60c                lflseek
 .text          0x000000008100a6cc       0x50 binaries/lflwrite.o
                0x000000008100a6cc                lflwrite
 .text          0x000000008100a71c      0x11c binaries/lfsckfmt.o
                0x000000008100a71c                lfsckfmt
 .text          0x000000008100a838      0x15c binaries/lfscreate.o
                0x000000008100a838                lfscreate
 .text          0x000000008100a994      0x1f0 binaries/lfsetup.o
                0x000000008100a994                lfsetup
 .text          0x000000008100ab84       0x44 binaries/lfsinit.o
                0x000000008100ab84                lfsinit
 .text          0x000000008100abc8      0x378 binaries/lfsopen.o
                0x000000008100abc8                lfsopen
 .text          0x000000008100af40      0x110 binaries/lftruncate.o
                0x000000008100af40                lftruncate
 .text          0x000000008100b050       0x7c binaries/rflclose.o
                0x000000008100b050                rflclose
 .text          0x000000008100b0cc       0x28 binaries/rflgetc.o
                0x000000008100b0cc                rflgetc
 .text          0x000000008100b0f4       0x88 binaries/rflinit.o
                0x000000008100b0f4                rflinit
 .text          0x000000008100b17c       0x2c binaries/rflputc.o
                0x000000008100b17c                rflputc
 .text          0x000000008100b1a8      0x2c4 binaries/rflread.o
                0x000000008100b1a8                rflread
 .text          0x000000008100b46c       0x7c binaries/rflseek.o
                0x000000008100b46c                rflseek
 .text          0x000000008100b4e8      0x2e0 binaries/rflwrite.o
                0x000000008100b4e8                rflwrite
 .text          0x000000008100b7c8      0x198 binaries/rfscomm.o
                0x000000008100b7c8                rfscomm
 .text          0x000000008100b960      0x224 binaries/rfscontrol.o
                0x000000008100b960                rfscontrol
 .text          0x000000008100bb84       0xc8 binaries/rfsgetmode.o
                0x000000008100bb84                rfsgetmode
 .text          0x000000008100bc4c       0x84 binaries/rfsinit.o
                0x000000008100bc4c                rfsinit
 .text          0x000000008100bcd0       0x98 binaries/rfsndmsg.o
                0x000000008100bcd0                rfsndmsg
 .text          0x000000008100bd68      0x238 binaries/rfsopen.o
                0x000000008100bd68                rfsopen
 .text          0x000000008100bfa0      0x780 binaries/arp.o
                0x000000008100bfa0                arp_init
                0x000000008100bfc0                arp_alloc
                0x000000008100c098                arp_ntoh
                0x000000008100c13c                arp_hton
                0x000000008100c1e0                arp_resolve
                0x000000008100c478                arp_in
 .text          0x000000008100c720      0xd78 binaries/dhcp.o
                0x000000008100c720                dump_dhcp_msg
                0x000000008100cd44                get_dhcp_option_value
                0x000000008100cda0                build_dhcp_discover
                0x000000008100cecc                build_dhcp_request
                0x000000008100d078                getlocalip_boot
                0x000000008100d480                getlocalip
 .text          0x000000008100d498      0x414 binaries/dns.o
                0x000000008100d498                dns_bldq
                0x000000008100d544                dns_getrname
                0x000000008100d608                dns_geta
                0x000000008100d738                dns_qa
 .text          0x000000008100d8ac      0x108 binaries/dot2ip.o
                0x000000008100d8ac                dot2ip
 .text          0x000000008100d9b4      0x328 binaries/hexdump.o
                0x000000008100d9b4                hexdump
                0x000000008100db00                hexadump
 .text          0x000000008100dcdc      0x71c binaries/icmp.o
                0x000000008100dcdc                icmp_init
                0x000000008100dd00                icmp_register
                0x000000008100ddc0                icmp_recv
                0x000000008100df60                icmp_mkpkt
                0x000000008100e050                icmp_in
                0x000000008100e1dc                icmp_send
                0x000000008100e24c                icmp_release
                0x000000008100e334                icmp_cksum
                0x000000008100e390                icmp_hton
                0x000000008100e3c4                icmp_ntoh
 .text          0x000000008100e3f8      0x688 binaries/ip.o
                0x000000008100e3f8                ip_local
                0x000000008100e428                ipcksum
                0x000000008100e46c                ip_ntoh
                0x000000008100e510                ip_in
                0x000000008100e64c                ip_hton
                0x000000008100e6f0                ip_out
                0x000000008100e7a4                ip_send
                0x000000008100e8d4                ipout
                0x000000008100e9e4                ip_enqueue
 .text          0x000000008100ea80      0x1c4 binaries/net.o
                0x000000008100ea80                net_init
                0x000000008100eb78                eth_hton
                0x000000008100eb8c                eth_ntoh
                0x000000008100eba0                netin
 .text          0x000000008100ec44       0xa4 binaries/netstart.o
                0x000000008100ec44                netstart
 .text          0x000000008100ece8      0x9dc binaries/pdump.o
                0x000000008100ece8                pdump
                0x000000008100f274                pdumph
 .text          0x000000008100f6c4      0x580 binaries/tftp.o
                0x000000008100f6c4                tftp_send1
                0x000000008100f7b0                tftpget_mb
                0x000000008100fc10                tftpget
 .text          0x000000008100fc44      0xa20 binaries/udp.o
                0x000000008100fc44                udp_init
                0x000000008100fc6c                udp_in
                0x000000008100fda0                udp_register
                0x000000008100fea4                udp_recv
                0x0000000081010040                udp_recvaddr
                0x00000000810101f8                udp_send
                0x00000000810103a0                udp_sendto
                0x000000008101050c                udp_release
                0x00000000810105fc                udp_ntoh
                0x0000000081010630                udp_hton
 .text          0x0000000081010664      0x13c binaries/addargs.o
                0x0000000081010664                addargs
 .text          0x00000000810107a0      0x28c binaries/lexan.o
                0x00000000810107a0                lexan
 .text          0x0000000081010a2c      0x68c binaries/shell.o
                0x0000000081010a2c                shell
 .text          0x00000000810110b8       0x64 binaries/xsh_argecho.o
                0x00000000810110b8                xsh_argecho
 .text          0x000000008101111c      0x1c8 binaries/xsh_arp.o
                0x000000008101111c                xsh_arp
 .text          0x00000000810112e4      0x234 binaries/xsh_cat.o
                0x00000000810112e4                xsh_cat
 .text          0x0000000081011518       0x5c binaries/xsh_clear.o
                0x0000000081011518                xsh_clear
 .text          0x0000000081011574      0x29c binaries/xsh_date.o
                0x0000000081011574                xsh_date
 .text          0x0000000081011810       0x98 binaries/xsh_devdump.o
                0x0000000081011810                xsh_devdump
 .text          0x00000000810118a8       0x68 binaries/xsh_echo.o
                0x00000000810118a8                xsh_echo
 .text          0x0000000081011910        0x8 binaries/xsh_exit.o
                0x0000000081011910                xsh_exit
 .text          0x0000000081011918      0x444 binaries/xsh_fstest.o
                0x0000000081011918                xsh_fstest
                0x0000000081011bac                testbitmask
 .text          0x0000000081011d5c      0x18c binaries/xsh_hello.o
                0x0000000081011d5c                xsh_hello
 .text          0x0000000081011ee8      0x3b8 binaries/xsh_help.o
                0x0000000081011ee8                xsh_help
 .text          0x00000000810122a0      0x354 binaries/xsh_ipaddr.o
                0x00000000810122a0                xsh_ipaddr
 .text          0x00000000810125f4      0x1fc binaries/xsh_kill.o
                0x00000000810125f4                xsh_kill
 .text          0x00000000810127f0      0x2ac binaries/xsh_led.o
                0x00000000810127f0                xsh_led
 .text          0x0000000081012a9c      0x434 binaries/xsh_memdump.o
                0x0000000081012b90                xsh_memdump
 .text          0x0000000081012ed0      0x224 binaries/xsh_memstat.o
                0x0000000081012ed0                xsh_memstat
 .text          0x00000000810130f4      0x3b8 binaries/xsh_ping.o
                0x00000000810130f4                xsh_ping
 .text          0x00000000810134ac      0x4c0 binaries/xsh_prodcons.o
                0x00000000810134ac                xsh_prodcons
                0x0000000081013950                freefutures
 .text          0x000000008101396c      0x220 binaries/xsh_ps.o
                0x000000008101396c                xsh_ps
 .text          0x0000000081013b8c       0xcc binaries/xsh_reset.o
                0x0000000081013b8c                xsh_reset
 .text          0x0000000081013c58      0x1d4 binaries/xsh_sleep.o
                0x0000000081013c58                xsh_sleep
 .text          0x0000000081013e2c      0x244 binaries/xsh_udpdump.o
                0x0000000081013e2c                xsh_udpdump
 .text          0x0000000081014070      0x3fc binaries/xsh_udpecho.o
                0x0000000081014070                xsh_udpecho
 .text          0x000000008101446c      0x250 binaries/xsh_udpeserver.o
                0x000000008101446c                xsh_udpeserver
 .text          0x00000000810146bc      0x1b4 binaries/xsh_uptime.o
                0x00000000810146bc                xsh_uptime
 .text          0x0000000081014870       0x58 binaries/consume.o
                0x0000000081014870                consumer
 .text          0x00000000810148c8       0xcc binaries/fut_queue.o
                0x00000000810148c8                initqu
                0x00000000810148dc                enq
                0x0000000081014900                deq
                0x0000000081014934                peek
                0x0000000081014978                isEmpty
                0x0000000081014990                debuga
 .text          0x0000000081014994       0xc8 binaries/future_cons.o
                0x0000000081014994                future_cons
 .text          0x0000000081014a5c      0x10c binaries/future_prod.o
                0x0000000081014a5c                future_prod
 .text          0x0000000081014b68       0x60 binaries/produce.o
                0x0000000081014b68                producer
 .text          0x0000000081014bc8        0xc binaries/test_and_set.o
                0x0000000081014bc8                TestAndSet
                0x0000000081014bd0                ReleaseLock
 .text          0x0000000081014bd4       0x2c binaries/ctxsw.o
                0x0000000081014bd4                ctxsw
 .text          0x0000000081014c00      0x100 binaries/intr.o
                0x0000000081014c00                disable
                0x0000000081014c0c                restore
                0x0000000081014c30                enable
                0x0000000081014c38                pause
                0x0000000081014c38                halt
                0x0000000081014c40                irq_except
                0x0000000081014c70                initevec
                0x0000000081014cd0                expjmpinstr
 .text          0x0000000081014d00      0x114 /usr/lib/gcc/arm-none-eabi/4.9.3/libgcc.a(_udivsi3.o)
                0x0000000081014d00                __udivsi3
                0x0000000081014d00                __aeabi_uidiv
                0x0000000081014df4                __aeabi_uidivmod
 .text          0x0000000081014e14      0x148 /usr/lib/gcc/arm-none-eabi/4.9.3/libgcc.a(_divsi3.o)
                0x0000000081014e14                __aeabi_idiv
                0x0000000081014e14                __divsi3
                0x0000000081014f3c                __aeabi_idivmod
 .text          0x0000000081014f5c        0x4 /usr/lib/gcc/arm-none-eabi/4.9.3/libgcc.a(_dvmd_tls.o)
                0x0000000081014f5c                __aeabi_ldiv0
                0x0000000081014f5c                __aeabi_idiv0
 *(.rodata .rodata.*)
 .rodata.str1.4
                0x0000000081014f60       0x78 binaries/ascdate.o
 .rodata.str1.4
                0x0000000081014fd8       0x50 binaries/bs.o
 .rodata.str1.4
                0x0000000081015028       0xcb binaries/conf.o
 *fill*         0x00000000810150f3        0x1 
 .rodata.str1.4
                0x00000000810150f4      0x2dc binaries/fs.o
                                        0x2f6 (size before relaxing)
 .rodata.str1.4
                0x00000000810153d0       0x49 binaries/future_free.o
 *fill*         0x0000000081015419        0x3 
 .rodata.str1.4
                0x000000008101541c      0x10b binaries/future_get.o
 *fill*         0x0000000081015527        0x1 
 .rodata.str1.4
                0x0000000081015528       0xc9 binaries/future_set.o
 *fill*         0x00000000810155f1        0x3 
 .rodata.str1.4
                0x00000000810155f4       0x60 binaries/getutime.o
 .rodata.str1.4
                0x0000000081015654      0x16c binaries/initialize.o
                                        0x170 (size before relaxing)
 .rodata.str1.4
                0x00000000810157c0       0x56 binaries/main.o
 *fill*         0x0000000081015816        0x2 
 .rodata.str1.4
                0x0000000081015818       0x10 binaries/panic.o
 .rodata.str1.4
                0x0000000081015828       0x1c binaries/ptinit.o
 .rodata.str1.4
                0x0000000081015844       0x25 binaries/ptsend.o
 *fill*         0x0000000081015869        0x3 
 .rodata.str1.4
                0x000000008101586c       0x27 binaries/xdone.o
 *fill*         0x0000000081015893        0x1 
 .rodata        0x0000000081015894       0x81 binaries/ctype_.o
                0x0000000081015894                _ctype_
 *fill*         0x0000000081015915        0x3 
 .rodata.str1.4
                0x0000000081015918       0x2f binaries/doprnt.o
 .rodata.str1.4
                0x0000000000000000       0x2d binaries/fdoprnt.o
 *fill*         0x0000000081015947        0x1 
 .rodata.str1.4
                0x0000000081015948       0x86 binaries/naminit.o
                                         0x8e (size before relaxing)
 *fill*         0x00000000810159ce        0x2 
 .rodata.str1.4
                0x00000000810159d0       0xe5 binaries/ethinit.o
 *fill*         0x0000000081015ab5        0x3 
 .rodata.str1.4
                0x0000000081015ab8       0x12 binaries/ethread.o
 *fill*         0x0000000081015aca        0x2 
 .rodata.str1.4
                0x0000000081015acc       0x2c binaries/rdsbufalloc.o
 .rodata.str1.4
                0x0000000081015af8       0x76 binaries/rdscomm.o
 *fill*         0x0000000081015b6e        0x2 
 .rodata.str1.4
                0x0000000081015b70       0x48 binaries/rdscontrol.o
 .rodata.str1.4
                0x0000000081015bb8       0x96 binaries/rdsinit.o
 *fill*         0x0000000081015c4e        0x2 
 .rodata.str1.4
                0x0000000081015c50       0x22 binaries/rdsopen.o
 *fill*         0x0000000081015c72        0x2 
 .rodata.str1.4
                0x0000000081015c74       0x4d binaries/rdsprocess.o
 *fill*         0x0000000081015cc1        0x3 
 .rodata.str1.4
                0x0000000081015cc4        0x9 binaries/raminit.o
 *fill*         0x0000000081015ccd        0x3 
 .rodata.str1.4
                0x0000000081015cd0       0x37 binaries/lfdballoc.o
 *fill*         0x0000000081015d07        0x1 
 .rodata.str1.4
                0x0000000081015d08       0x14 binaries/lfiballoc.o
 .rodata.str1.4
                0x0000000081015d1c       0x23 binaries/lflcontrol.o
 *fill*         0x0000000081015d3f        0x1 
 .rodata.str1.4
                0x0000000081015d40       0xbb binaries/lfsckfmt.o
 *fill*         0x0000000081015dfb        0x1 
 .rodata.str1.4
                0x0000000081015dfc       0x21 binaries/rflread.o
 .rodata.str1.4
                0x0000000000000000       0x21 binaries/rflwrite.o
 *fill*         0x0000000081015e1d        0x3 
 .rodata.str1.4
                0x0000000081015e20       0x75 binaries/rfscomm.o
 *fill*         0x0000000081015e95        0x3 
 .rodata.str1.4
                0x0000000081015e98       0x23 binaries/rfscontrol.o
 *fill*         0x0000000081015ebb        0x1 
 .rodata.str1.4
                0x0000000081015ebc       0x63 binaries/rfsinit.o
 *fill*         0x0000000081015f1f        0x1 
 .rodata.str1.4
                0x0000000081015f20       0x2a binaries/rfsndmsg.o
 .rodata.str1.4
                0x0000000000000000       0x22 binaries/rfsopen.o
 *fill*         0x0000000081015f4a        0x2 
 .rodata.str1.4
                0x0000000081015f4c       0x3d binaries/arp.o
 *fill*         0x0000000081015f89        0x3 
 .rodata.str1.4
                0x0000000081015f8c      0x462 binaries/dhcp.o
                                        0x466 (size before relaxing)
 *fill*         0x00000000810163ee        0x2 
 .rodata.str1.4
                0x00000000810163f0       0xca binaries/hexdump.o
                                         0xd6 (size before relaxing)
 *fill*         0x00000000810164ba        0x2 
 .rodata.str1.4
                0x00000000810164bc       0x29 binaries/icmp.o
 *fill*         0x00000000810164e5        0x3 
 .rodata.str1.4
                0x00000000810164e8       0x6e binaries/ip.o
 *fill*         0x0000000081016556        0x2 
 .rodata.str1.4
                0x0000000081016558       0x53 binaries/net.o
 *fill*         0x00000000810165ab        0x1 
 .rodata.str1.4
                0x00000000810165ac       0x7f binaries/netstart.o
 *fill*         0x000000008101662b        0x1 
 .rodata.str1.4
                0x000000008101662c      0x292 binaries/pdump.o
                                        0x296 (size before relaxing)
 *fill*         0x00000000810168be        0x2 
 .rodata.str1.4
                0x00000000810168c0      0x178 binaries/tftp.o
                                        0x17c (size before relaxing)
 .rodata        0x0000000081016a38      0x12c binaries/shell.o
                0x0000000081016a38                cmdtab
 .rodata.str1.4
                0x0000000081016b64      0x30f binaries/shell.o
                                        0x317 (size before relaxing)
 *fill*         0x0000000081016e73        0x1 
 .rodata.str1.4
                0x0000000081016e74       0x29 binaries/xsh_argecho.o
                                         0x2e (size before relaxing)
 *fill*         0x0000000081016e9d        0x3 
 .rodata.str1.4
                0x0000000081016ea0      0x13e binaries/xsh_arp.o
                                        0x142 (size before relaxing)
 *fill*         0x0000000081016fde        0x2 
 .rodata.str1.4
                0x0000000081016fe0       0x81 binaries/xsh_cat.o
                                         0xd1 (size before relaxing)
 *fill*         0x0000000081017061        0x3 
 .rodata.str1.4
                0x0000000081017064       0x15 binaries/xsh_clear.o
 *fill*         0x0000000081017079        0x3 
 .rodata.str1.4
                0x000000008101707c      0x1af binaries/xsh_date.o
                                        0x1cb (size before relaxing)
 *fill*         0x000000008101722b        0x1 
 .rodata.str1.4
                0x000000008101722c       0x61 binaries/xsh_devdump.o
 *fill*         0x000000008101728d        0x3 
 .rodata.str1.4
                0x0000000081017290        0x8 binaries/xsh_echo.o
                                          0xa (size before relaxing)
 .rodata.str1.4
                0x0000000081017298       0xb9 binaries/xsh_fstest.o
                                        0x14d (size before relaxing)
 *fill*         0x0000000081017351        0x3 
 .rodata.str1.4
                0x0000000081017354       0x8a binaries/xsh_hello.o
                                        0x122 (size before relaxing)
 *fill*         0x00000000810173de        0x2 
 .rodata.str1.4
                0x00000000810173e0       0xe7 binaries/xsh_help.o
                                        0x17a (size before relaxing)
 *fill*         0x00000000810174c7        0x1 
 .rodata.str1.4
                0x00000000810174c8       0xfb binaries/xsh_ipaddr.o
                                        0x1ab (size before relaxing)
 *fill*         0x00000000810175c3        0x1 
 .rodata.str1.4
                0x00000000810175c4       0xc8 binaries/xsh_kill.o
                                        0x136 (size before relaxing)
 .rodata.str1.4
                0x000000008101768c       0xf7 binaries/xsh_led.o
                                        0x16b (size before relaxing)
 *fill*         0x0000000081017783        0x1 
 .rodata.str1.4
                0x0000000081017784      0x1ca binaries/xsh_memdump.o
                                        0x262 (size before relaxing)
 *fill*         0x000000008101794e        0x2 
 .rodata.str1.4
                0x0000000081017950      0x1cc binaries/xsh_memstat.o
                                        0x232 (size before relaxing)
 .rodata.str1.4
                0x0000000081017b1c      0x13f binaries/xsh_ping.o
                                        0x1b2 (size before relaxing)
 *fill*         0x0000000081017c5b        0x1 
 .rodata.str1.4
                0x0000000081017c5c      0x19f binaries/xsh_prodcons.o
                                        0x22b (size before relaxing)
 *fill*         0x0000000081017dfb        0x1 
 .rodata        0x0000000081017dfc       0x20 binaries/xsh_ps.o
 .rodata.str1.4
                0x0000000081017e1c      0x11a binaries/xsh_ps.o
                                        0x1d2 (size before relaxing)
 *fill*         0x0000000081017f36        0x2 
 .rodata.str1.4
                0x0000000081017f38        0xd binaries/xsh_reset.o
                                         0x90 (size before relaxing)
 *fill*         0x0000000081017f45        0x3 
 .rodata.str1.4
                0x0000000081017f48       0x5e binaries/xsh_sleep.o
                                         0xf6 (size before relaxing)
 *fill*         0x0000000081017fa6        0x2 
 .rodata        0x0000000081017fa8        0xc binaries/xsh_udpdump.o
 .rodata.str1.4
                0x0000000081017fb4      0x122 binaries/xsh_udpdump.o
                                        0x1de (size before relaxing)
 *fill*         0x00000000810180d6        0x2 
 .rodata.str1.4
                0x00000000810180d8      0x1ae binaries/xsh_udpecho.o
                                        0x222 (size before relaxing)
 *fill*         0x0000000081018286        0x2 
 .rodata.str1.4
                0x0000000081018288       0x97 binaries/xsh_udpeserver.o
                                        0x13b (size before relaxing)
 *fill*         0x000000008101831f        0x1 
 .rodata.str1.4
                0x0000000081018320       0x77 binaries/xsh_uptime.o
                                        0x112 (size before relaxing)
 *fill*         0x0000000081018397        0x1 
 .rodata.str1.4
                0x0000000081018398        0xf binaries/consume.o
 *fill*         0x00000000810183a7        0x1 
 .rodata.str1.4
                0x00000000810183a8        0x7 binaries/fut_queue.o
 *fill*         0x00000000810183af        0x1 
 .rodata.str1.4
                0x00000000810183b0       0x62 binaries/future_cons.o
 *fill*         0x0000000081018412        0x2 
 .rodata.str1.4
                0x0000000081018414       0x8b binaries/future_prod.o
 *fill*         0x000000008101849f        0x1 
 .rodata.str1.4
                0x00000000810184a0       0x10 binaries/produce.o
                                          0xf (size before relaxing)
                0x00000000810184b0                etext = ABSOLUTE (.)
                0x0000000081019000                . = ALIGN (0x1000)
 *fill*         0x00000000810184b0      0xb50 

.glue_7         0x0000000081019000        0x0
 .glue_7        0x0000000000000000        0x0 linker stubs

.glue_7t        0x0000000081019000        0x0
 .glue_7t       0x0000000000000000        0x0 linker stubs

.vfp11_veneer   0x0000000081019000        0x0
 .vfp11_veneer  0x0000000000000000        0x0 linker stubs

.v4_bx          0x0000000081019000        0x0
 .v4_bx         0x0000000000000000        0x0 linker stubs

.iplt           0x0000000081019000        0x0
 .iplt          0x0000000000000000        0x0 binaries/start.o

.rel.dyn        0x0000000081019000        0x0
 .rel.iplt      0x0000000000000000        0x0 binaries/start.o

.data           0x0000000081019000     0x1000
                0x0000000081019000                data = ABSOLUTE (.)
 *(.data .data.*)
 .data          0x0000000081019000        0x0 binaries/start.o
 .data          0x0000000081019000       0x88 binaries/ascdate.o
                0x0000000081019000                Date
 .data          0x0000000081019088        0x0 binaries/bs.o
 .data          0x0000000081019088        0x0 binaries/bufinit.o
 .data          0x0000000081019088        0x0 binaries/chprio.o
 .data          0x0000000081019088        0x4 binaries/clkhandler.o
 .data          0x000000008101908c        0x0 binaries/clkinit.o
 .data          0x000000008101908c        0x0 binaries/close.o
 .data          0x000000008101908c      0x5a0 binaries/conf.o
                0x000000008101908c                devtab
 .data          0x000000008101962c        0x0 binaries/control.o
 .data          0x000000008101962c        0x4 binaries/create.o
 .data          0x0000000081019630       0x3d binaries/evec.o
                0x0000000081019630                expmsg2
                0x0000000081019644                expmsg1
 .data          0x000000008101966d        0x0 binaries/exit.o
 .data          0x000000008101966d        0x0 binaries/freebuf.o
 .data          0x000000008101966d        0x0 binaries/freemem.o
 .data          0x000000008101966d        0x0 binaries/fs.o
 .data          0x000000008101966d        0x0 binaries/future_alloc.o
 .data          0x000000008101966d        0x0 binaries/future_free.o
 .data          0x000000008101966d        0x0 binaries/future_get.o
 .data          0x000000008101966d        0x0 binaries/future_set.o
 .data          0x000000008101966d        0x0 binaries/getbuf.o
 .data          0x000000008101966d        0x0 binaries/getc.o
 .data          0x000000008101966d        0x0 binaries/getdev.o
 .data          0x000000008101966d        0x0 binaries/getitem.o
 .data          0x000000008101966d        0x0 binaries/getmem.o
 .data          0x000000008101966d        0x0 binaries/getpid.o
 .data          0x000000008101966d        0x0 binaries/getprio.o
 .data          0x000000008101966d        0x0 binaries/getstk.o
 .data          0x000000008101966d        0x0 binaries/gettime.o
 .data          0x000000008101966d        0x0 binaries/getutime.o
 .data          0x000000008101966d        0x0 binaries/init.o
 .data          0x000000008101966d        0x0 binaries/initialize.o
 .data          0x000000008101966d        0x0 binaries/insert.o
 .data          0x000000008101966d        0x0 binaries/insertd.o
 .data          0x000000008101966d        0x0 binaries/ioerr.o
 .data          0x000000008101966d        0x0 binaries/ionull.o
 .data          0x000000008101966d        0x0 binaries/kill.o
 .data          0x000000008101966d        0x0 binaries/kprintf.o
 *fill*         0x000000008101966d        0x3 
 .data          0x0000000081019670        0x4 binaries/main.o
                0x0000000081019670                gcounter
 .data          0x0000000081019674        0x0 binaries/mark.o
 .data          0x0000000081019674        0x0 binaries/meminit.o
 .data          0x0000000081019674        0x0 binaries/mkbufpool.o
 .data          0x0000000081019674        0x2 binaries/newqueue.o
 .data          0x0000000081019676        0x0 binaries/open.o
 .data          0x0000000081019676        0x0 binaries/panic.o
 .data          0x0000000081019676        0x0 binaries/platinit.o
 .data          0x0000000081019676        0x0 binaries/ptclear.o
 .data          0x0000000081019676        0x0 binaries/ptcount.o
 .data          0x0000000081019676        0x0 binaries/ptcreate.o
 .data          0x0000000081019676        0x0 binaries/ptdelete.o
 .data          0x0000000081019676        0x0 binaries/ptinit.o
 .data          0x0000000081019676        0x0 binaries/ptrecv.o
 .data          0x0000000081019676        0x0 binaries/ptreset.o
 .data          0x0000000081019676        0x0 binaries/ptsend.o
 .data          0x0000000081019676        0x0 binaries/putc.o
 .data          0x0000000081019676        0x0 binaries/queue.o
 .data          0x0000000081019676        0x0 binaries/read.o
 .data          0x0000000081019676        0x0 binaries/ready.o
 .data          0x0000000081019676        0x0 binaries/receive.o
 .data          0x0000000081019676        0x0 binaries/recvclr.o
 .data          0x0000000081019676        0x0 binaries/recvtime.o
 .data          0x0000000081019676        0x0 binaries/resched.o
 .data          0x0000000081019676        0x0 binaries/resume.o
 .data          0x0000000081019676        0x0 binaries/seek.o
 .data          0x0000000081019676        0x0 binaries/semcount.o
 .data          0x0000000081019676        0x0 binaries/semcreate.o
 .data          0x0000000081019676        0x0 binaries/semdelete.o
 .data          0x0000000081019676        0x0 binaries/semreset.o
 .data          0x0000000081019676        0x0 binaries/send.o
 .data          0x0000000081019676        0x0 binaries/signal.o
 .data          0x0000000081019676        0x0 binaries/signaln.o
 .data          0x0000000081019676        0x0 binaries/sleep.o
 .data          0x0000000081019676        0x0 binaries/suspend.o
 .data          0x0000000081019676        0x0 binaries/unsleep.o
 .data          0x0000000081019676        0x0 binaries/userret.o
 .data          0x0000000081019676        0x0 binaries/wait.o
 .data          0x0000000081019676        0x0 binaries/wakeup.o
 .data          0x0000000081019676        0x0 binaries/write.o
 .data          0x0000000081019676        0x0 binaries/xdone.o
 .data          0x0000000081019676        0x0 binaries/yield.o
 .data          0x0000000081019676        0x0 binaries/abs.o
 .data          0x0000000081019676        0x0 binaries/atoi.o
 .data          0x0000000081019676        0x0 binaries/atol.o
 .data          0x0000000081019676        0x0 binaries/bzero.o
 .data          0x0000000081019676        0x0 binaries/ctype_.o
 .data          0x0000000081019676        0x0 binaries/doprnt.o
 *fill*         0x0000000081019676        0x2 
 .data          0x0000000081019678       0x80 binaries/doscan.o
                0x0000000081019678                _sctab
 .data          0x00000000810196f8        0x0 binaries/fdoprnt.o
 .data          0x00000000810196f8        0x0 binaries/fgetc.o
 .data          0x00000000810196f8        0x0 binaries/fgets.o
 .data          0x00000000810196f8        0x0 binaries/fprintf.o
 .data          0x00000000810196f8        0x0 binaries/fputc.o
 .data          0x00000000810196f8        0x0 binaries/fputs.o
 .data          0x00000000810196f8        0x0 binaries/fscanf.o
 .data          0x00000000810196f8        0x0 binaries/getchar.o
 .data          0x00000000810196f8        0x0 binaries/labs.o
 .data          0x00000000810196f8        0x0 binaries/memchr.o
 .data          0x00000000810196f8        0x0 binaries/memcmp.o
 .data          0x00000000810196f8        0x0 binaries/memcpy.o
 .data          0x00000000810196f8        0x0 binaries/memset.o
 .data          0x00000000810196f8        0x0 binaries/printf.o
 .data          0x00000000810196f8        0x0 binaries/putchar.o
 .data          0x00000000810196f8        0x0 binaries/qsort.o
 .data          0x00000000810196f8        0x4 binaries/rand.o
 .data          0x00000000810196fc        0x0 binaries/sprintf.o
 .data          0x00000000810196fc        0x0 binaries/sscanf.o
 .data          0x00000000810196fc        0x0 binaries/strchr.o
 .data          0x00000000810196fc        0x0 binaries/strcmp.o
 .data          0x00000000810196fc        0x0 binaries/strcpy.o
 .data          0x00000000810196fc        0x0 binaries/strlen.o
 .data          0x00000000810196fc        0x0 binaries/strncat.o
 .data          0x00000000810196fc        0x0 binaries/strncmp.o
 .data          0x00000000810196fc        0x0 binaries/strncpy.o
 .data          0x00000000810196fc        0x0 binaries/strnlen.o
 .data          0x00000000810196fc        0x0 binaries/strrchr.o
 .data          0x00000000810196fc        0x0 binaries/strstr.o
 .data          0x00000000810196fc        0x0 binaries/ttycontrol.o
 .data          0x00000000810196fc        0x0 binaries/ttygetc.o
 .data          0x00000000810196fc        0x0 binaries/ttyhandle_in.o
 .data          0x00000000810196fc        0x0 binaries/ttyhandle_out.o
 .data          0x00000000810196fc        0x0 binaries/ttyhandler.o
 .data          0x00000000810196fc        0x0 binaries/ttyinit.o
 .data          0x00000000810196fc        0x0 binaries/ttykickout.o
 .data          0x00000000810196fc        0x0 binaries/ttyputc.o
 .data          0x00000000810196fc        0x0 binaries/ttyread.o
 .data          0x00000000810196fc        0x0 binaries/ttywrite.o
 .data          0x00000000810196fc        0x0 binaries/mount.o
 .data          0x00000000810196fc        0x0 binaries/naminit.o
 .data          0x00000000810196fc        0x0 binaries/nammap.o
 .data          0x00000000810196fc        0x0 binaries/namopen.o
 .data          0x00000000810196fc        0x0 binaries/colon2mac.o
 .data          0x00000000810196fc        0x0 binaries/ethcontrol.o
 .data          0x00000000810196fc        0x0 binaries/ethhandler.o
 .data          0x00000000810196fc        0x0 binaries/ethinit.o
 .data          0x00000000810196fc        0x0 binaries/ethread.o
 .data          0x00000000810196fc        0x0 binaries/ethwrite.o
 .data          0x00000000810196fc        0x0 binaries/rdsbufalloc.o
 .data          0x00000000810196fc        0x0 binaries/rdsclose.o
 .data          0x00000000810196fc        0x0 binaries/rdscomm.o
 .data          0x00000000810196fc        0x0 binaries/rdscontrol.o
 .data          0x00000000810196fc        0x0 binaries/rdsinit.o
 .data          0x00000000810196fc        0x0 binaries/rdsopen.o
 .data          0x00000000810196fc        0x0 binaries/rdsprocess.o
 .data          0x00000000810196fc        0x0 binaries/rdsread.o
 .data          0x00000000810196fc        0x0 binaries/rdswrite.o
 .data          0x00000000810196fc        0x0 binaries/ramclose.o
 .data          0x00000000810196fc        0x0 binaries/raminit.o
 .data          0x00000000810196fc        0x0 binaries/ramopen.o
 .data          0x00000000810196fc        0x0 binaries/ramread.o
 .data          0x00000000810196fc        0x0 binaries/ramwrite.o
 .data          0x00000000810196fc        0x0 binaries/lfdballoc.o
 .data          0x00000000810196fc        0x0 binaries/lfdbfree.o
 .data          0x00000000810196fc        0x0 binaries/lfflush.o
 .data          0x00000000810196fc        0x0 binaries/lfgetmode.o
 .data          0x00000000810196fc        0x0 binaries/lfiballoc.o
 .data          0x00000000810196fc        0x0 binaries/lfibclear.o
 .data          0x00000000810196fc        0x0 binaries/lfibget.o
 .data          0x00000000810196fc        0x0 binaries/lfibput.o
 .data          0x00000000810196fc        0x0 binaries/lflclose.o
 .data          0x00000000810196fc        0x0 binaries/lflcontrol.o
 .data          0x00000000810196fc        0x0 binaries/lflgetc.o
 .data          0x00000000810196fc        0x0 binaries/lflinit.o
 .data          0x00000000810196fc        0x0 binaries/lflputc.o
 .data          0x00000000810196fc        0x0 binaries/lflread.o
 .data          0x00000000810196fc        0x0 binaries/lflseek.o
 .data          0x00000000810196fc        0x0 binaries/lflwrite.o
 .data          0x00000000810196fc        0x0 binaries/lfsckfmt.o
 .data          0x00000000810196fc        0x0 binaries/lfscreate.o
 .data          0x00000000810196fc        0x0 binaries/lfsetup.o
 .data          0x00000000810196fc        0x0 binaries/lfsinit.o
 .data          0x00000000810196fc        0x0 binaries/lfsopen.o
 .data          0x00000000810196fc        0x0 binaries/lftruncate.o
 .data          0x00000000810196fc        0x0 binaries/rflclose.o
 .data          0x00000000810196fc        0x0 binaries/rflgetc.o
 .data          0x00000000810196fc        0x0 binaries/rflinit.o
 .data          0x00000000810196fc        0x0 binaries/rflputc.o
 .data          0x00000000810196fc        0x0 binaries/rflread.o
 .data          0x00000000810196fc        0x0 binaries/rflseek.o
 .data          0x00000000810196fc        0x0 binaries/rflwrite.o
 .data          0x00000000810196fc        0x0 binaries/rfscomm.o
 .data          0x00000000810196fc        0x0 binaries/rfscontrol.o
 .data          0x00000000810196fc        0x0 binaries/rfsgetmode.o
 .data          0x00000000810196fc        0x0 binaries/rfsinit.o
 .data          0x00000000810196fc        0x0 binaries/rfsndmsg.o
 .data          0x00000000810196fc        0x0 binaries/rfsopen.o
 .data          0x00000000810196fc        0x0 binaries/arp.o
 .data          0x00000000810196fc        0x0 binaries/dhcp.o
 .data          0x00000000810196fc        0x0 binaries/dns.o
 .data          0x00000000810196fc        0x0 binaries/dot2ip.o
 .data          0x00000000810196fc        0x0 binaries/hexdump.o
 .data          0x00000000810196fc        0x4 binaries/icmp.o
 .data          0x0000000081019700        0x0 binaries/ip.o
 .data          0x0000000081019700        0x0 binaries/net.o
 .data          0x0000000081019700        0x0 binaries/netstart.o
 .data          0x0000000081019700        0x0 binaries/pdump.o
 .data          0x0000000081019700        0x0 binaries/tftp.o
 .data          0x0000000081019700        0x4 binaries/udp.o
 .data          0x0000000081019704        0x0 binaries/addargs.o
 .data          0x0000000081019704        0x0 binaries/lexan.o
 .data          0x0000000081019704        0x4 binaries/shell.o
                0x0000000081019704                ncmd
 .data          0x0000000081019708        0x0 binaries/xsh_argecho.o
 .data          0x0000000081019708        0x0 binaries/xsh_arp.o
 .data          0x0000000081019708        0x0 binaries/xsh_cat.o
 .data          0x0000000081019708        0x0 binaries/xsh_clear.o
 .data          0x0000000081019708        0x0 binaries/xsh_date.o
 .data          0x0000000081019708        0x0 binaries/xsh_devdump.o
 .data          0x0000000081019708        0x0 binaries/xsh_echo.o
 .data          0x0000000081019708        0x0 binaries/xsh_exit.o
 .data          0x0000000081019708        0x0 binaries/xsh_fstest.o
 .data          0x0000000081019708        0x0 binaries/xsh_hello.o
 .data          0x0000000081019708        0x0 binaries/xsh_help.o
 .data          0x0000000081019708        0x0 binaries/xsh_ipaddr.o
 .data          0x0000000081019708        0x0 binaries/xsh_kill.o
 .data          0x0000000081019708        0x0 binaries/xsh_led.o
 .data          0x0000000081019708        0x0 binaries/xsh_memdump.o
 .data          0x0000000081019708        0x0 binaries/xsh_memstat.o
 .data          0x0000000081019708        0x0 binaries/xsh_ping.o
 .data          0x0000000081019708        0x0 binaries/xsh_prodcons.o
 .data          0x0000000081019708        0x0 binaries/xsh_ps.o
 .data          0x0000000081019708        0x0 binaries/xsh_reset.o
 .data          0x0000000081019708        0x0 binaries/xsh_sleep.o
 .data          0x0000000081019708        0x0 binaries/xsh_udpdump.o
 .data          0x0000000081019708        0x0 binaries/xsh_udpecho.o
 .data          0x0000000081019708        0x0 binaries/xsh_udpeserver.o
 .data          0x0000000081019708        0x0 binaries/xsh_uptime.o
 .data          0x0000000081019708        0x0 binaries/consume.o
 .data          0x0000000081019708        0x0 binaries/fut_queue.o
 .data          0x0000000081019708        0x0 binaries/future_cons.o
 .data          0x0000000081019708        0x0 binaries/future_prod.o
 .data          0x0000000081019708        0x0 binaries/produce.o
 .data          0x0000000081019708        0x0 binaries/test_and_set.o
 .data          0x0000000081019708        0x0 binaries/ctxsw.o
 .data          0x0000000081019708        0x0 binaries/intr.o
 .data          0x0000000081019708        0x0 /usr/lib/gcc/arm-none-eabi/4.9.3/libgcc.a(_udivsi3.o)
 .data          0x0000000081019708        0x0 /usr/lib/gcc/arm-none-eabi/4.9.3/libgcc.a(_divsi3.o)
 .data          0x0000000081019708        0x0 /usr/lib/gcc/arm-none-eabi/4.9.3/libgcc.a(_dvmd_tls.o)
                0x0000000081019708                edata = ABSOLUTE (.)
                0x000000008101a000                . = ALIGN (0x1000)
 *fill*         0x0000000081019708      0x8f8 

.igot.plt       0x000000008101a000        0x0
 .igot.plt      0x0000000000000000        0x0 binaries/start.o

.bss            0x000000008101a000    0x20000
                0x000000008101a000                bss = ABSOLUTE (.)
 *(.bss .bss.*)
 .bss           0x000000008101a000        0x0 binaries/start.o
 .bss           0x000000008101a000        0x0 binaries/ascdate.o
 .bss           0x000000008101a000        0x4 binaries/bs.o
                0x000000008101a000                dev0
 .bss           0x000000008101a004        0x0 binaries/bufinit.o
 .bss           0x000000008101a004        0x0 binaries/chprio.o
 .bss           0x000000008101a004        0x0 binaries/clkhandler.o
 .bss           0x000000008101a004        0x4 binaries/clkinit.o
                0x000000008101a004                ctr1000
 .bss           0x000000008101a008        0x0 binaries/close.o
 .bss           0x000000008101a008        0x0 binaries/conf.o
 .bss           0x000000008101a008        0x0 binaries/control.o
 .bss           0x000000008101a008        0x0 binaries/create.o
 .bss           0x000000008101a008        0x0 binaries/evec.o
 .bss           0x000000008101a008        0x0 binaries/exit.o
 .bss           0x000000008101a008        0x0 binaries/freebuf.o
 .bss           0x000000008101a008        0x0 binaries/freemem.o
 .bss           0x000000008101a008      0x264 binaries/fs.o
                0x000000008101a264                next_open_fd
 .bss           0x000000008101a26c        0x0 binaries/future_alloc.o
 .bss           0x000000008101a26c        0x0 binaries/future_free.o
 .bss           0x000000008101a26c        0x0 binaries/future_get.o
 .bss           0x000000008101a26c        0x0 binaries/future_set.o
 .bss           0x000000008101a26c        0x0 binaries/getbuf.o
 .bss           0x000000008101a26c        0x0 binaries/getc.o
 .bss           0x000000008101a26c        0x0 binaries/getdev.o
 .bss           0x000000008101a26c        0x0 binaries/getitem.o
 .bss           0x000000008101a26c        0x0 binaries/getmem.o
 .bss           0x000000008101a26c        0x0 binaries/getpid.o
 .bss           0x000000008101a26c        0x0 binaries/getprio.o
 .bss           0x000000008101a26c        0x0 binaries/getstk.o
 .bss           0x000000008101a26c        0x0 binaries/gettime.o
 .bss           0x000000008101a26c        0x0 binaries/getutime.o
 .bss           0x000000008101a26c        0x0 binaries/init.o
 .bss           0x000000008101a26c        0x0 binaries/initialize.o
 .bss           0x000000008101a26c        0x0 binaries/insert.o
 .bss           0x000000008101a26c        0x0 binaries/insertd.o
 .bss           0x000000008101a26c        0x0 binaries/ioerr.o
 .bss           0x000000008101a26c        0x0 binaries/ionull.o
 .bss           0x000000008101a26c        0x0 binaries/kill.o
 .bss           0x000000008101a26c        0x0 binaries/kprintf.o
 .bss           0x000000008101a26c        0x0 binaries/main.o
 .bss           0x000000008101a26c        0x0 binaries/mark.o
 .bss           0x000000008101a26c        0x0 binaries/meminit.o
 .bss           0x000000008101a26c        0x0 binaries/mkbufpool.o
 .bss           0x000000008101a26c        0x0 binaries/newqueue.o
 .bss           0x000000008101a26c        0x0 binaries/open.o
 .bss           0x000000008101a26c        0x0 binaries/panic.o
 .bss           0x000000008101a26c        0x0 binaries/platinit.o
 .bss           0x000000008101a26c        0x0 binaries/ptclear.o
 .bss           0x000000008101a26c        0x0 binaries/ptcount.o
 .bss           0x000000008101a26c        0x0 binaries/ptcreate.o
 .bss           0x000000008101a26c        0x0 binaries/ptdelete.o
 .bss           0x000000008101a26c        0x0 binaries/ptinit.o
 .bss           0x000000008101a26c        0x0 binaries/ptrecv.o
 .bss           0x000000008101a26c        0x0 binaries/ptreset.o
 .bss           0x000000008101a26c        0x0 binaries/ptsend.o
 .bss           0x000000008101a26c        0x0 binaries/putc.o
 .bss           0x000000008101a26c        0x0 binaries/queue.o
 .bss           0x000000008101a26c        0x0 binaries/read.o
 .bss           0x000000008101a26c        0x0 binaries/ready.o
 .bss           0x000000008101a26c        0x0 binaries/receive.o
 .bss           0x000000008101a26c        0x0 binaries/recvclr.o
 .bss           0x000000008101a26c        0x0 binaries/recvtime.o
 .bss           0x000000008101a26c        0x0 binaries/resched.o
 .bss           0x000000008101a26c        0x0 binaries/resume.o
 .bss           0x000000008101a26c        0x0 binaries/seek.o
 .bss           0x000000008101a26c        0x0 binaries/semcount.o
 .bss           0x000000008101a26c        0x4 binaries/semcreate.o
 .bss           0x000000008101a270        0x0 binaries/semdelete.o
 .bss           0x000000008101a270        0x0 binaries/semreset.o
 .bss           0x000000008101a270        0x0 binaries/send.o
 .bss           0x000000008101a270        0x0 binaries/signal.o
 .bss           0x000000008101a270        0x0 binaries/signaln.o
 .bss           0x000000008101a270        0x0 binaries/sleep.o
 .bss           0x000000008101a270        0x0 binaries/suspend.o
 .bss           0x000000008101a270        0x0 binaries/unsleep.o
 .bss           0x000000008101a270        0x0 binaries/userret.o
 .bss           0x000000008101a270        0x0 binaries/wait.o
 .bss           0x000000008101a270        0x0 binaries/wakeup.o
 .bss           0x000000008101a270        0x0 binaries/write.o
 .bss           0x000000008101a270        0x0 binaries/xdone.o
 .bss           0x000000008101a270        0x0 binaries/yield.o
 .bss           0x000000008101a270        0x0 binaries/abs.o
 .bss           0x000000008101a270        0x0 binaries/atoi.o
 .bss           0x000000008101a270        0x0 binaries/atol.o
 .bss           0x000000008101a270        0x0 binaries/bzero.o
 .bss           0x000000008101a270        0x0 binaries/ctype_.o
 .bss           0x000000008101a270        0x0 binaries/doprnt.o
 .bss           0x000000008101a270        0x0 binaries/doscan.o
 .bss           0x000000008101a270        0x0 binaries/fdoprnt.o
 .bss           0x000000008101a270        0x0 binaries/fgetc.o
 .bss           0x000000008101a270        0x0 binaries/fgets.o
 .bss           0x000000008101a270        0x0 binaries/fprintf.o
 .bss           0x000000008101a270        0x0 binaries/fputc.o
 .bss           0x000000008101a270        0x0 binaries/fputs.o
 .bss           0x000000008101a270        0x0 binaries/fscanf.o
 .bss           0x000000008101a270        0x0 binaries/getchar.o
 .bss           0x000000008101a270        0x0 binaries/labs.o
 .bss           0x000000008101a270        0x0 binaries/memchr.o
 .bss           0x000000008101a270        0x0 binaries/memcmp.o
 .bss           0x000000008101a270        0x0 binaries/memcpy.o
 .bss           0x000000008101a270        0x0 binaries/memset.o
 .bss           0x000000008101a270        0x0 binaries/printf.o
 .bss           0x000000008101a270        0x0 binaries/putchar.o
 .bss           0x000000008101a270        0x8 binaries/qsort.o
 .bss           0x000000008101a278        0x0 binaries/rand.o
 .bss           0x000000008101a278        0x0 binaries/sprintf.o
 .bss           0x000000008101a278        0x0 binaries/sscanf.o
 .bss           0x000000008101a278        0x0 binaries/strchr.o
 .bss           0x000000008101a278        0x0 binaries/strcmp.o
 .bss           0x000000008101a278        0x0 binaries/strcpy.o
 .bss           0x000000008101a278        0x0 binaries/strlen.o
 .bss           0x000000008101a278        0x0 binaries/strncat.o
 .bss           0x000000008101a278        0x0 binaries/strncmp.o
 .bss           0x000000008101a278        0x0 binaries/strncpy.o
 .bss           0x000000008101a278        0x0 binaries/strnlen.o
 .bss           0x000000008101a278        0x0 binaries/strrchr.o
 .bss           0x000000008101a278        0x0 binaries/strstr.o
 .bss           0x000000008101a278        0x0 binaries/ttycontrol.o
 .bss           0x000000008101a278        0x0 binaries/ttygetc.o
 .bss           0x000000008101a278        0x0 binaries/ttyhandle_in.o
 .bss           0x000000008101a278        0x0 binaries/ttyhandle_out.o
 .bss           0x000000008101a278        0x0 binaries/ttyhandler.o
 .bss           0x000000008101a278        0x0 binaries/ttyinit.o
 .bss           0x000000008101a278        0x0 binaries/ttykickout.o
 .bss           0x000000008101a278        0x0 binaries/ttyputc.o
 .bss           0x000000008101a278        0x0 binaries/ttyread.o
 .bss           0x000000008101a278        0x0 binaries/ttywrite.o
 .bss           0x000000008101a278        0x0 binaries/mount.o
 .bss           0x000000008101a278        0x0 binaries/naminit.o
 .bss           0x000000008101a278        0x0 binaries/nammap.o
 .bss           0x000000008101a278        0x0 binaries/namopen.o
 .bss           0x000000008101a278        0x0 binaries/colon2mac.o
 .bss           0x000000008101a278        0x0 binaries/ethcontrol.o
 .bss           0x000000008101a278        0x0 binaries/ethhandler.o
 .bss           0x000000008101a278        0x0 binaries/ethinit.o
 .bss           0x000000008101a278        0x0 binaries/ethread.o
 .bss           0x000000008101a278        0x0 binaries/ethwrite.o
 .bss           0x000000008101a278        0x0 binaries/rdsbufalloc.o
 .bss           0x000000008101a278        0x0 binaries/rdsclose.o
 .bss           0x000000008101a278        0x0 binaries/rdscomm.o
 .bss           0x000000008101a278        0x0 binaries/rdscontrol.o
 .bss           0x000000008101a278        0x0 binaries/rdsinit.o
 .bss           0x000000008101a278        0x0 binaries/rdsopen.o
 .bss           0x000000008101a278        0x0 binaries/rdsprocess.o
 .bss           0x000000008101a278        0x0 binaries/rdsread.o
 .bss           0x000000008101a278        0x0 binaries/rdswrite.o
 .bss           0x000000008101a278        0x0 binaries/ramclose.o
 .bss           0x000000008101a278        0x0 binaries/raminit.o
 .bss           0x000000008101a278        0x0 binaries/ramopen.o
 .bss           0x000000008101a278        0x0 binaries/ramread.o
 .bss           0x000000008101a278        0x0 binaries/ramwrite.o
 .bss           0x000000008101a278        0x0 binaries/lfdballoc.o
 .bss           0x000000008101a278        0x0 binaries/lfdbfree.o
 .bss           0x000000008101a278        0x0 binaries/lfflush.o
 .bss           0x000000008101a278        0x0 binaries/lfgetmode.o
 .bss           0x000000008101a278        0x0 binaries/lfiballoc.o
 .bss           0x000000008101a278        0x0 binaries/lfibclear.o
 .bss           0x000000008101a278        0x0 binaries/lfibget.o
 .bss           0x000000008101a278        0x0 binaries/lfibput.o
 .bss           0x000000008101a278        0x0 binaries/lflclose.o
 .bss           0x000000008101a278        0x0 binaries/lflcontrol.o
 .bss           0x000000008101a278        0x0 binaries/lflgetc.o
 .bss           0x000000008101a278        0x0 binaries/lflinit.o
 .bss           0x000000008101a278        0x0 binaries/lflputc.o
 .bss           0x000000008101a278        0x0 binaries/lflread.o
 .bss           0x000000008101a278        0x0 binaries/lflseek.o
 .bss           0x000000008101a278        0x0 binaries/lflwrite.o
 .bss           0x000000008101a278        0x0 binaries/lfsckfmt.o
 .bss           0x000000008101a278        0x0 binaries/lfscreate.o
 .bss           0x000000008101a278        0x0 binaries/lfsetup.o
 .bss           0x000000008101a278        0x0 binaries/lfsinit.o
 .bss           0x000000008101a278        0x0 binaries/lfsopen.o
 .bss           0x000000008101a278        0x0 binaries/lftruncate.o
 .bss           0x000000008101a278        0x0 binaries/rflclose.o
 .bss           0x000000008101a278        0x0 binaries/rflgetc.o
 .bss           0x000000008101a278        0x0 binaries/rflinit.o
[...]
 .ARM.attributes
                0x0000000000002569       0x35 binaries/rfsgetmode.o
 .ARM.attributes
                0x000000000000259e       0x35 binaries/rfsinit.o
 .ARM.attributes
                0x00000000000025d3       0x35 binaries/rfsndmsg.o
 .ARM.attributes
                0x0000000000002608       0x35 binaries/rfsopen.o
 .ARM.attributes
                0x000000000000263d       0x35 binaries/arp.o
 .ARM.attributes
                0x0000000000002672       0x35 binaries/dhcp.o
 .ARM.attributes
                0x00000000000026a7       0x35 binaries/dns.o
 .ARM.attributes
                0x00000000000026dc       0x35 binaries/dot2ip.o
 .ARM.attributes
                0x0000000000002711       0x35 binaries/hexdump.o
 .ARM.attributes
                0x0000000000002746       0x35 binaries/icmp.o
 .ARM.attributes
                0x000000000000277b       0x35 binaries/ip.o
 .ARM.attributes
                0x00000000000027b0       0x35 binaries/net.o
 .ARM.attributes
                0x00000000000027e5       0x35 binaries/netstart.o
 .ARM.attributes
                0x000000000000281a       0x35 binaries/pdump.o
 .ARM.attributes
                0x000000000000284f       0x35 binaries/tftp.o
 .ARM.attributes
                0x0000000000002884       0x35 binaries/udp.o
 .ARM.attributes
                0x00000000000028b9       0x35 binaries/addargs.o
 .ARM.attributes
                0x00000000000028ee       0x35 binaries/lexan.o
 .ARM.attributes
                0x0000000000002923       0x35 binaries/shell.o
 .ARM.attributes
                0x0000000000002958       0x35 binaries/xsh_argecho.o
 .ARM.attributes
                0x000000000000298d       0x35 binaries/xsh_arp.o
 .ARM.attributes
                0x00000000000029c2       0x35 binaries/xsh_cat.o
 .ARM.attributes
                0x00000000000029f7       0x35 binaries/xsh_clear.o
 .ARM.attributes
                0x0000000000002a2c       0x35 binaries/xsh_date.o
 .ARM.attributes
                0x0000000000002a61       0x35 binaries/xsh_devdump.o
 .ARM.attributes
                0x0000000000002a96       0x35 binaries/xsh_echo.o
 .ARM.attributes
                0x0000000000002acb       0x35 binaries/xsh_exit.o
 .ARM.attributes
                0x0000000000002b00       0x35 binaries/xsh_fstest.o
 .ARM.attributes
                0x0000000000002b35       0x35 binaries/xsh_hello.o
 .ARM.attributes
                0x0000000000002b6a       0x35 binaries/xsh_help.o
 .ARM.attributes
                0x0000000000002b9f       0x35 binaries/xsh_ipaddr.o
 .ARM.attributes
                0x0000000000002bd4       0x35 binaries/xsh_kill.o
 .ARM.attributes
                0x0000000000002c09       0x35 binaries/xsh_led.o
 .ARM.attributes
                0x0000000000002c3e       0x35 binaries/xsh_memdump.o
 .ARM.attributes
                0x0000000000002c73       0x35 binaries/xsh_memstat.o
 .ARM.attributes
                0x0000000000002ca8       0x35 binaries/xsh_ping.o
 .ARM.attributes
                0x0000000000002cdd       0x35 binaries/xsh_prodcons.o
 .ARM.attributes
                0x0000000000002d12       0x35 binaries/xsh_ps.o
 .ARM.attributes
                0x0000000000002d47       0x35 binaries/xsh_reset.o
 .ARM.attributes
                0x0000000000002d7c       0x35 binaries/xsh_sleep.o
 .ARM.attributes
                0x0000000000002db1       0x35 binaries/xsh_udpdump.o
 .ARM.attributes
                0x0000000000002de6       0x35 binaries/xsh_udpecho.o
 .ARM.attributes
                0x0000000000002e1b       0x35 binaries/xsh_udpeserver.o
 .ARM.attributes
                0x0000000000002e50       0x35 binaries/xsh_uptime.o
 .ARM.attributes
                0x0000000000002e85       0x35 binaries/consume.o
 .ARM.attributes
                0x0000000000002eba       0x35 binaries/fut_queue.o
 .ARM.attributes
                0x0000000000002eef       0x35 binaries/future_cons.o
 .ARM.attributes
                0x0000000000002f24       0x35 binaries/future_prod.o
 .ARM.attributes
                0x0000000000002f59       0x35 binaries/produce.o
 .ARM.attributes
                0x0000000000002f8e       0x35 binaries/test_and_set.o
 .ARM.attributes
                0x0000000000002fc3       0x25 binaries/ctxsw.o
 .ARM.attributes
                0x0000000000002fe8       0x25 binaries/intr.o
 .ARM.attributes
                0x000000000000300d       0x18 /usr/lib/gcc/arm-none-eabi/4.9.3/libgcc.a(_udivsi3.o)
 .ARM.attributes
                0x0000000000003025       0x18 /usr/lib/gcc/arm-none-eabi/4.9.3/libgcc.a(_divsi3.o)
 .ARM.attributes
                0x000000000000303d       0x18 /usr/lib/gcc/arm-none-eabi/4.9.3/libgcc.a(_dvmd_tls.o)

.comment        0x0000000000000000       0x70
 .comment       0x0000000000000000       0x70 binaries/ascdate.o
                                         0x71 (size before relaxing)
 .comment       0x0000000000000000       0x71 binaries/bs.o
 .comment       0x0000000000000000       0x71 binaries/bufinit.o
 .comment       0x0000000000000000       0x71 binaries/chprio.o
 .comment       0x0000000000000000       0x71 binaries/clkhandler.o
 .comment       0x0000000000000000       0x71 binaries/clkinit.o
 .comment       0x0000000000000000       0x71 binaries/close.o
 .comment       0x0000000000000000       0x71 binaries/conf.o
 .comment       0x0000000000000000       0x71 binaries/control.o
 .comment       0x0000000000000000       0x71 binaries/create.o
 .comment       0x0000000000000000       0x71 binaries/evec.o
 .comment       0x0000000000000000       0x71 binaries/exit.o
 .comment       0x0000000000000000       0x71 binaries/freebuf.o
 .comment       0x0000000000000000       0x71 binaries/freemem.o
 .comment       0x0000000000000000       0x71 binaries/fs.o
 .comment       0x0000000000000000       0x71 binaries/future_alloc.o
 .comment       0x0000000000000000       0x71 binaries/future_free.o
 .comment       0x0000000000000000       0x71 binaries/future_get.o
 .comment       0x0000000000000000       0x71 binaries/future_set.o
 .comment       0x0000000000000000       0x71 binaries/getbuf.o
 .comment       0x0000000000000000       0x71 binaries/getc.o
 .comment       0x0000000000000000       0x71 binaries/getdev.o
 .comment       0x0000000000000000       0x71 binaries/getitem.o
 .comment       0x0000000000000000       0x71 binaries/getmem.o
 .comment       0x0000000000000000       0x71 binaries/getpid.o
 .comment       0x0000000000000000       0x71 binaries/getprio.o
 .comment       0x0000000000000000       0x71 binaries/getstk.o
 .comment       0x0000000000000000       0x71 binaries/gettime.o
 .comment       0x0000000000000000       0x71 binaries/getutime.o
 .comment       0x0000000000000000       0x71 binaries/init.o
 .comment       0x0000000000000000       0x71 binaries/initialize.o
 .comment       0x0000000000000000       0x71 binaries/insert.o
 .comment       0x0000000000000000       0x71 binaries/insertd.o
 .comment       0x0000000000000000       0x71 binaries/ioerr.o
 .comment       0x0000000000000000       0x71 binaries/ionull.o
 .comment       0x0000000000000000       0x71 binaries/kill.o
 .comment       0x0000000000000000       0x71 binaries/kprintf.o
 .comment       0x0000000000000000       0x71 binaries/main.o
 .comment       0x0000000000000000       0x71 binaries/mark.o
 .comment       0x0000000000000000       0x71 binaries/meminit.o
 .comment       0x0000000000000000       0x71 binaries/mkbufpool.o
 .comment       0x0000000000000000       0x71 binaries/newqueue.o
 .comment       0x0000000000000000       0x71 binaries/open.o
 .comment       0x0000000000000000       0x71 binaries/panic.o
 .comment       0x0000000000000000       0x71 binaries/platinit.o
 .comment       0x0000000000000000       0x71 binaries/ptclear.o
 .comment       0x0000000000000000       0x71 binaries/ptcount.o
 .comment       0x0000000000000000       0x71 binaries/ptcreate.o
 .comment       0x0000000000000000       0x71 binaries/ptdelete.o
 .comment       0x0000000000000000       0x71 binaries/ptinit.o
 .comment       0x0000000000000000       0x71 binaries/ptrecv.o
 .comment       0x0000000000000000       0x71 binaries/ptreset.o
 .comment       0x0000000000000000       0x71 binaries/ptsend.o
 .comment       0x0000000000000000       0x71 binaries/putc.o
 .comment       0x0000000000000000       0x71 binaries/queue.o
 .comment       0x0000000000000000       0x71 binaries/read.o
 .comment       0x0000000000000000       0x71 binaries/ready.o
 .comment       0x0000000000000000       0x71 binaries/receive.o
 .comment       0x0000000000000000       0x71 binaries/recvclr.o
 .comment       0x0000000000000000       0x71 binaries/recvtime.o
 .comment       0x0000000000000000       0x71 binaries/resched.o
 .comment       0x0000000000000000       0x71 binaries/resume.o
 .comment       0x0000000000000000       0x71 binaries/seek.o
 .comment       0x0000000000000000       0x71 binaries/semcount.o
 .comment       0x0000000000000000       0x71 binaries/semcreate.o
 .comment       0x0000000000000000       0x71 binaries/semdelete.o
 .comment       0x0000000000000000       0x71 binaries/semreset.o
 .comment       0x0000000000000000       0x71 binaries/send.o
 .comment       0x0000000000000000       0x71 binaries/signal.o
 .comment       0x0000000000000000       0x71 binaries/signaln.o
 .comment       0x0000000000000000       0x71 binaries/sleep.o
 .comment       0x0000000000000000       0x71 binaries/suspend.o
 .comment       0x0000000000000000       0x71 binaries/unsleep.o
 .comment       0x0000000000000000       0x71 binaries/userret.o
 .comment       0x0000000000000000       0x71 binaries/wait.o
 .comment       0x0000000000000000       0x71 binaries/wakeup.o
 .comment       0x0000000000000000       0x71 binaries/write.o
 .comment       0x0000000000000000       0x71 binaries/xdone.o
 .comment       0x0000000000000000       0x71 binaries/yield.o
 .comment       0x0000000000000000       0x71 binaries/abs.o
 .comment       0x0000000000000000       0x71 binaries/atoi.o
 .comment       0x0000000000000000       0x71 binaries/atol.o
 .comment       0x0000000000000000       0x71 binaries/bzero.o
 .comment       0x0000000000000000       0x71 binaries/ctype_.o
 .comment       0x0000000000000000       0x71 binaries/doprnt.o
 .comment       0x0000000000000000       0x71 binaries/doscan.o
 .comment       0x0000000000000000       0x71 binaries/fdoprnt.o
 .comment       0x0000000000000000       0x71 binaries/fgetc.o
 .comment       0x0000000000000000       0x71 binaries/fgets.o
 .comment       0x0000000000000000       0x71 binaries/fprintf.o
 .comment       0x0000000000000000       0x71 binaries/fputc.o
 .comment       0x0000000000000000       0x71 binaries/fputs.o
 .comment       0x0000000000000000       0x71 binaries/fscanf.o
 .comment       0x0000000000000000       0x71 binaries/getchar.o
 .comment       0x0000000000000000       0x71 binaries/labs.o
 .comment       0x0000000000000000       0x71 binaries/memchr.o
 .comment       0x0000000000000000       0x71 binaries/memcmp.o
 .comment       0x0000000000000000       0x71 binaries/memcpy.o
 .comment       0x0000000000000000       0x71 binaries/memset.o
 .comment       0x0000000000000000       0x71 binaries/printf.o
 .comment       0x0000000000000000       0x71 binaries/putchar.o
 .comment       0x0000000000000000       0x71 binaries/qsort.o
 .comment       0x0000000000000000       0x71 binaries/rand.o
 .comment       0x0000000000000000       0x71 binaries/sprintf.o
 .comment       0x0000000000000000       0x71 binaries/sscanf.o
 .comment       0x0000000000000000       0x71 binaries/strchr.o
 .comment       0x0000000000000000       0x71 binaries/strcmp.o
 .comment       0x0000000000000000       0x71 binaries/strcpy.o
 .comment       0x0000000000000000       0x71 binaries/strlen.o
 .comment       0x0000000000000000       0x71 binaries/strncat.o
 .comment       0x0000000000000000       0x71 binaries/strncmp.o
 .comment       0x0000000000000000       0x71 binaries/strncpy.o
 .comment       0x0000000000000000       0x71 binaries/strnlen.o
 .comment       0x0000000000000000       0x71 binaries/strrchr.o
 .comment       0x0000000000000000       0x71 binaries/strstr.o
 .comment       0x0000000000000000       0x71 binaries/ttycontrol.o
 .comment       0x0000000000000000       0x71 binaries/ttygetc.o
 .comment       0x0000000000000000       0x71 binaries/ttyhandle_in.o
 .comment       0x0000000000000000       0x71 binaries/ttyhandle_out.o
 .comment       0x0000000000000000       0x71 binaries/ttyhandler.o
 .comment       0x0000000000000000       0x71 binaries/ttyinit.o
 .comment       0x0000000000000000       0x71 binaries/ttykickout.o
 .comment       0x0000000000000000       0x71 binaries/ttyputc.o
 .comment       0x0000000000000000       0x71 binaries/ttyread.o
 .comment       0x0000000000000000       0x71 binaries/ttywrite.o
 .comment       0x0000000000000000       0x71 binaries/mount.o
 .comment       0x0000000000000000       0x71 binaries/naminit.o
 .comment       0x0000000000000000       0x71 binaries/nammap.o
 .comment       0x0000000000000000       0x71 binaries/namopen.o
 .comment       0x0000000000000000       0x71 binaries/colon2mac.o
 .comment       0x0000000000000000       0x71 binaries/ethcontrol.o
 .comment       0x0000000000000000       0x71 binaries/ethhandler.o
 .comment       0x0000000000000000       0x71 binaries/ethinit.o
 .comment       0x0000000000000000       0x71 binaries/ethread.o
 .comment       0x0000000000000000       0x71 binaries/ethwrite.o
 .comment       0x0000000000000000       0x71 binaries/rdsbufalloc.o
 .comment       0x0000000000000000       0x71 binaries/rdsclose.o
 .comment       0x0000000000000000       0x71 binaries/rdscomm.o
 .comment       0x0000000000000000       0x71 binaries/rdscontrol.o
 .comment       0x0000000000000000       0x71 binaries/rdsinit.o
 .comment       0x0000000000000000       0x71 binaries/rdsopen.o
 .comment       0x0000000000000000       0x71 binaries/rdsprocess.o
 .comment       0x0000000000000000       0x71 binaries/rdsread.o
 .comment       0x0000000000000000       0x71 binaries/rdswrite.o
 .comment       0x0000000000000000       0x71 binaries/ramclose.o
 .comment       0x0000000000000000       0x71 binaries/raminit.o
 .comment       0x0000000000000000       0x71 binaries/ramopen.o
 .comment       0x0000000000000000       0x71 binaries/ramread.o
 .comment       0x0000000000000000       0x71 binaries/ramwrite.o
 .comment       0x0000000000000000       0x71 binaries/lfdballoc.o
 .comment       0x0000000000000000       0x71 binaries/lfdbfree.o
 .comment       0x0000000000000000       0x71 binaries/lfflush.o
 .comment       0x0000000000000000       0x71 binaries/lfgetmode.o
 .comment       0x0000000000000000       0x71 binaries/lfiballoc.o
 .comment       0x0000000000000000       0x71 binaries/lfibclear.o
 .comment       0x0000000000000000       0x71 binaries/lfibget.o
 .comment       0x0000000000000000       0x71 binaries/lfibput.o
 .comment       0x0000000000000000       0x71 binaries/lflclose.o
 .comment       0x0000000000000000       0x71 binaries/lflcontrol.o
 .comment       0x0000000000000000       0x71 binaries/lflgetc.o
 .comment       0x0000000000000000       0x71 binaries/lflinit.o
 .comment       0x0000000000000000       0x71 binaries/lflputc.o
 .comment       0x0000000000000000       0x71 binaries/lflread.o
 .comment       0x0000000000000000       0x71 binaries/lflseek.o
 .comment       0x0000000000000000       0x71 binaries/lflwrite.o
 .comment       0x0000000000000000       0x71 binaries/lfsckfmt.o
 .comment       0x0000000000000000       0x71 binaries/lfscreate.o
 .comment       0x0000000000000000       0x71 binaries/lfsetup.o
 .comment       0x0000000000000000       0x71 binaries/lfsinit.o
 .comment       0x0000000000000000       0x71 binaries/lfsopen.o
 .comment       0x0000000000000000       0x71 binaries/lftruncate.o
 .comment       0x0000000000000000       0x71 binaries/rflclose.o
 .comment       0x0000000000000000       0x71 binaries/rflgetc.o
 .comment       0x0000000000000000       0x71 binaries/rflinit.o
 .comment       0x0000000000000000       0x71 binaries/rflputc.o
 .comment       0x0000000000000000       0x71 binaries/rflread.o
 .comment       0x0000000000000000       0x71 binaries/rflseek.o
 .comment       0x0000000000000000       0x71 binaries/rflwrite.o
 .comment       0x0000000000000000       0x71 binaries/rfscomm.o
 .comment       0x0000000000000000       0x71 binaries/rfscontrol.o
 .comment       0x0000000000000000       0x71 binaries/rfsgetmode.o
 .comment       0x0000000000000000       0x71 binaries/rfsinit.o
 .comment       0x0000000000000000       0x71 binaries/rfsndmsg.o
 .comment       0x0000000000000000       0x71 binaries/rfsopen.o
 .comment       0x0000000000000000       0x71 binaries/arp.o
 .comment       0x0000000000000000       0x71 binaries/dhcp.o
 .comment       0x0000000000000000       0x71 binaries/dns.o
 .comment       0x0000000000000000       0x71 binaries/dot2ip.o
 .comment       0x0000000000000000       0x71 binaries/hexdump.o
 .comment       0x0000000000000000       0x71 binaries/icmp.o
 .comment       0x0000000000000000       0x71 binaries/ip.o
 .comment       0x0000000000000000       0x71 binaries/net.o
 .comment       0x0000000000000000       0x71 binaries/netstart.o
 .comment       0x0000000000000000       0x71 binaries/pdump.o
 .comment       0x0000000000000000       0x71 binaries/tftp.o
 .comment       0x0000000000000000       0x71 binaries/udp.o
 .comment       0x0000000000000000       0x71 binaries/addargs.o
 .comment       0x0000000000000000       0x71 binaries/lexan.o
 .comment       0x0000000000000000       0x71 binaries/shell.o
 .comment       0x0000000000000000       0x71 binaries/xsh_argecho.o
 .comment       0x0000000000000000       0x71 binaries/xsh_arp.o
 .comment       0x0000000000000000       0x71 binaries/xsh_cat.o
 .comment       0x0000000000000000       0x71 binaries/xsh_clear.o
 .comment       0x0000000000000000       0x71 binaries/xsh_date.o
 .comment       0x0000000000000000       0x71 binaries/xsh_devdump.o
 .comment       0x0000000000000000       0x71 binaries/xsh_echo.o
 .comment       0x0000000000000000       0x71 binaries/xsh_exit.o
 .comment       0x0000000000000000       0x71 binaries/xsh_fstest.o
 .comment       0x0000000000000000       0x71 binaries/xsh_hello.o
 .comment       0x0000000000000000       0x71 binaries/xsh_help.o
 .comment       0x0000000000000000       0x71 binaries/xsh_ipaddr.o
 .comment       0x0000000000000000       0x71 binaries/xsh_kill.o
 .comment       0x0000000000000000       0x71 binaries/xsh_led.o
 .comment       0x0000000000000000       0x71 binaries/xsh_memdump.o
 .comment       0x0000000000000000       0x71 binaries/xsh_memstat.o
 .comment       0x0000000000000000       0x71 binaries/xsh_ping.o
 .comment       0x0000000000000000       0x71 binaries/xsh_prodcons.o
 .comment       0x0000000000000000       0x71 binaries/xsh_ps.o
 .comment       0x0000000000000000       0x71 binaries/xsh_reset.o
 .comment       0x0000000000000000       0x71 binaries/xsh_sleep.o
 .comment       0x0000000000000000       0x71 binaries/xsh_udpdump.o
 .comment       0x0000000000000000       0x71 binaries/xsh_udpecho.o
 .comment       0x0000000000000000       0x71 binaries/xsh_udpeserver.o
 .comment       0x0000000000000000       0x71 binaries/xsh_uptime.o
 .comment       0x0000000000000000       0x71 binaries/consume.o
 .comment       0x0000000000000000       0x71 binaries/fut_queue.o
 .comment       0x0000000000000000       0x71 binaries/future_cons.o
 .comment       0x0000000000000000       0x71 binaries/future_prod.o
 .comment       0x0000000000000000       0x71 binaries/produce.o
 .comment       0x0000000000000000       0x71 binaries/test_and_set.o

.debug_frame    0x0000000000000000       0x40
 .debug_frame   0x0000000000000000       0x20 /usr/lib/gcc/arm-none-eabi/4.9.3/libgcc.a(_udivsi3.o)
 .debug_frame   0x0000000000000020       0x20 /usr/lib/gcc/arm-none-eabi/4.9.3/libgcc.a(_divsi3.o)
