Archive member included because of file (symbol)

/usr/lib/gcc/arm-none-eabi/4.9.3/libgcc.a(_udivsi3.o)
                              binaries/qsort.o (__aeabi_uidiv)
/usr/lib/gcc/arm-none-eabi/4.9.3/libgcc.a(_divsi3.o)
                              binaries/xsh_help.o (__aeabi_idiv)
/usr/lib/gcc/arm-none-eabi/4.9.3/libgcc.a(_dvmd_tls.o)
                              /usr/lib/gcc/arm-none-eabi/4.9.3/libgcc.a(_udivsi3.o) (__aeabi_idiv0)

Allocating common symbols
Common symbol       size              file

netbufpool          0x4               binaries/net.o
readylist           0x2               binaries/ready.o
rfltab              0x5a0             binaries/rflinit.o
sleepq              0x2               binaries/clkinit.o
n                   0x4               binaries/xsh_prodcons.o
intc_vector         0x200             binaries/evec.o
nnames              0x4               binaries/naminit.o
udptab              0x168             binaries/udp.o
minheap             0x4               binaries/meminit.o
marks               0x50              binaries/mark.o
currpid             0x4               binaries/initialize.o
Lf_data             0x20c             binaries/lfsinit.o
porttab             0x2d0             binaries/ptinit.o
ttytab              0x10c             binaries/ttyinit.o
proctab             0x15e0            binaries/initialize.o
eth_a_regs          0x1c              binaries/ethinit.o
prcount             0x4               binaries/initialize.o
lfltab              0xf00             binaries/lflinit.o
rdstab              0x8c              binaries/rdsinit.o
ethertab            0x138             binaries/ethinit.o
nsaddr              0x4               binaries/dns.o
NetData             0xa8              binaries/net.o
nmarks              0x4               binaries/mark.o
Defer               0x8               binaries/resched.o
semtab              0x4b0             binaries/initialize.o
maxheap             0x4               binaries/meminit.o
preempt             0x4               binaries/clkinit.o
buftab              0xf0              binaries/bufinit.o
Rf_data             0x18              binaries/rfsinit.o
mkmutex             0x4               binaries/mark.o
clktime             0x4               binaries/clkinit.o
cpudelay            0x4               binaries/main.o
arpcache            0x140             binaries/arp.o
icmptab             0x230             binaries/icmp.o
nbpools             0x4               binaries/bufinit.o
queuetab            0x980             binaries/queue.o
ptnextid            0x4               binaries/ptinit.o
Ram                 0x19000           binaries/raminit.o
ipoqueue            0x2c              binaries/ip.o
consumed            0x4               binaries/xsh_prodcons.o
memlist             0x8               binaries/initialize.o
produced            0x4               binaries/xsh_prodcons.o
nametab             0x19a0            binaries/naminit.o
ptfree              0x4               binaries/ptinit.o

Memory Configuration

Name             Origin             Length             Attributes
*default*        0x0000000000000000 0xffffffffffffffff

Linker script and memory map

                0x0000000081000000                physbase = 0x81000000
                0x0000000081000000                . = physbase
                0x0000000081000000                . = ALIGN (0x1000)

.text           0x0000000081000000    0x16000
                0x0000000081000000                text = ABSOLUTE (.)
 *(.text .text.*)
 .text          0x0000000081000000       0x4c binaries/start.o
                0x0000000081000000                start
 .text          0x000000008100004c      0x370 binaries/ascdate.o
                0x000000008100004c                ascdate
 .text          0x00000000810003bc       0x18 binaries/bufinit.o
                0x00000000810003bc                bufinit
 .text          0x00000000810003d4       0x70 binaries/chprio.o
                0x00000000810003d4                chprio
 .text          0x0000000081000444       0xf0 binaries/clkhandler.o
                0x0000000081000444                clkhandler
 .text          0x0000000081000534       0xd4 binaries/clkinit.o
                0x0000000081000534                clkinit
 .text          0x0000000081000608       0x5c binaries/close.o
                0x0000000081000608                close
 .text          0x0000000081000664        0x0 binaries/conf.o
 .text          0x0000000081000664       0x70 binaries/control.o
                0x0000000081000664                control
 .text          0x00000000810006d4      0x2c0 binaries/create.o
                0x00000000810006d4                create
 .text          0x0000000081000994       0xb0 binaries/evec.o
                0x0000000081000994                initintc
                0x00000000810009c0                set_evec
                0x0000000081000a00                irq_dispatch
 .text          0x0000000081000a44       0x10 binaries/exit.o
                0x0000000081000a44                exit
 .text          0x0000000081000a54       0x84 binaries/freebuf.o
                0x0000000081000a54                freebuf
 .text          0x0000000081000ad8      0x150 binaries/freemem.o
                0x0000000081000ad8                freemem
 .text          0x0000000081000c28       0x40 binaries/future_alloc.o
                0x0000000081000c28                future_alloc
 .text          0x0000000081000c68        0x8 binaries/future_free.o
                0x0000000081000c68                future_free
 .text          0x0000000081000c70        0x8 binaries/future_get.o
                0x0000000081000c70                future_get
 .text          0x0000000081000c78        0x8 binaries/future_set.o
                0x0000000081000c78                future_set
 .text          0x0000000081000c80       0x7c binaries/getbuf.o
                0x0000000081000c80                getbuf
 .text          0x0000000081000cfc       0x5c binaries/getc.o
                0x0000000081000cfc                getc
 .text          0x0000000081000d58       0x68 binaries/getdev.o
                0x0000000081000d58                getdev
 .text          0x0000000081000dc0       0xa0 binaries/getitem.o
                0x0000000081000dc0                getitem
                0x0000000081000df0                getfirst
                0x0000000081000e24                getlast
 .text          0x0000000081000e60      0x108 binaries/getmem.o
                0x0000000081000e60                getmem
 .text          0x0000000081000f68       0x10 binaries/getpid.o
                0x0000000081000f68                getpid
 .text          0x0000000081000f78       0x5c binaries/getprio.o
                0x0000000081000f78                getprio
 .text          0x0000000081000fd4       0xd0 binaries/getstk.o
                0x0000000081000fd4                getstk
 .text          0x00000000810010a4       0x38 binaries/gettime.o
                0x00000000810010a4                gettime
 .text          0x00000000810010dc      0x1c8 binaries/getutime.o
                0x00000000810010dc                getutime
 .text          0x00000000810012a4       0x5c binaries/init.o
                0x00000000810012a4                init
 .text          0x0000000081001300      0x2f8 binaries/initialize.o
                0x0000000081001300                nulluser
                0x0000000081001598                stop
                0x00000000810015bc                delay
 .text          0x00000000810015f8       0xc0 binaries/insert.o
                0x00000000810015f8                insert
 .text          0x00000000810016b8      0x12c binaries/insertd.o
                0x00000000810016b8                insertd
 .text          0x00000000810017e4        0x8 binaries/ioerr.o
                0x00000000810017e4                ioerr
 .text          0x00000000810017ec        0x8 binaries/ionull.o
                0x00000000810017ec                ionull
 .text          0x00000000810017f4      0x190 binaries/kill.o
                0x00000000810017f4                kill
 .text          0x0000000081001984       0xb4 binaries/kprintf.o
                0x0000000081001984                kputc
                0x00000000810019c4                kgetc
                0x00000000810019f8                kprintf
 .text          0x0000000081001a38       0xf8 binaries/main.o
                0x0000000081001a38                counterproc
                0x0000000081001a74                main
 .text          0x0000000081001b30       0xd0 binaries/mark.o
                0x0000000081001b30                markinit
                0x0000000081001b5c                mark
 .text          0x0000000081001c00       0x44 binaries/meminit.o
                0x0000000081001c00                meminit
 .text          0x0000000081001c44      0x138 binaries/mkbufpool.o
                0x0000000081001c44                mkbufpool
 .text          0x0000000081001d7c       0x88 binaries/newqueue.o
                0x0000000081001d7c                newqueue
 .text          0x0000000081001e04       0x68 binaries/open.o
                0x0000000081001e04                open
 .text          0x0000000081001e6c       0x20 binaries/panic.o
                0x0000000081001e6c                panic
 .text          0x0000000081001e8c       0x48 binaries/platinit.o
                0x0000000081001e8c                platinit
 .text          0x0000000081001ed4       0xa8 binaries/ptclear.o
                0x0000000081001ed4                _ptclear
 .text          0x0000000081001f7c       0x90 binaries/ptcount.o
                0x0000000081001f7c                ptcount
 .text          0x000000008100200c      0x100 binaries/ptcreate.o
                0x000000008100200c                ptcreate
 .text          0x000000008100210c       0x70 binaries/ptdelete.o
                0x000000008100210c                ptdelete
 .text          0x000000008100217c       0xbc binaries/ptinit.o
                0x000000008100217c                ptinit
 .text          0x0000000081002238      0x144 binaries/ptrecv.o
                0x0000000081002238                ptrecv
 .text          0x000000008100237c       0x6c binaries/ptreset.o
                0x000000008100237c                ptreset
 .text          0x00000000810023e8      0x15c binaries/ptsend.o
                0x00000000810023e8                ptsend
 .text          0x0000000081002544       0x64 binaries/putc.o
                0x0000000081002544                putc
 .text          0x00000000810025a8       0xe0 binaries/queue.o
                0x00000000810025a8                enqueue
                0x000000008100262c                dequeue
 .text          0x0000000081002688       0x68 binaries/read.o
                0x0000000081002688                read
 .text          0x00000000810026f0       0x74 binaries/ready.o
                0x00000000810026f0                ready
 .text          0x0000000081002764       0x84 binaries/receive.o
                0x0000000081002764                receive
 .text          0x00000000810027e8       0x64 binaries/recvclr.o
                0x00000000810027e8                recvclr
 .text          0x000000008100284c       0xe0 binaries/recvtime.o
                0x000000008100284c                recvtime
 .text          0x000000008100292c      0x1d0 binaries/resched.o
                0x000000008100292c                resched
                0x0000000081002a48                resched_cntl
 .text          0x0000000081002afc       0x88 binaries/resume.o
                0x0000000081002afc                resume
 .text          0x0000000081002b84       0x64 binaries/seek.o
                0x0000000081002b84                seek
 .text          0x0000000081002be8       0x58 binaries/semcount.o
                0x0000000081002be8                semcount
 .text          0x0000000081002c40       0xb8 binaries/semcreate.o
                0x0000000081002c40                semcreate
 .text          0x0000000081002cf8       0xc8 binaries/semdelete.o
                0x0000000081002cf8                semdelete
 .text          0x0000000081002dc0       0xb4 binaries/semreset.o
                0x0000000081002dc0                semreset
 .text          0x0000000081002e74       0xc8 binaries/send.o
                0x0000000081002e74                send
 .text          0x0000000081002f3c       0x98 binaries/signal.o
                0x0000000081002f3c                signal
 .text          0x0000000081002fd4       0xb8 binaries/signaln.o
                0x0000000081002fd4                signaln
 .text          0x000000008100308c       0xd4 binaries/sleep.o
                0x000000008100308c                sleepms
                0x000000008100312c                sleep
 .text          0x0000000081003160       0xd0 binaries/suspend.o
                0x0000000081003160                suspend
 .text          0x0000000081003230       0xa4 binaries/unsleep.o
                0x0000000081003230                unsleep
 .text          0x00000000810032d4       0x10 binaries/userret.o
                0x00000000810032d4                userret
 .text          0x00000000810032e4       0xc4 binaries/wait.o
                0x00000000810032e4                wait
 .text          0x00000000810033a8       0x90 binaries/wakeup.o
                0x00000000810033a8                wakeup
 .text          0x0000000081003438       0x68 binaries/write.o
                0x0000000081003438                write
 .text          0x00000000810034a0       0x18 binaries/xdone.o
                0x00000000810034a0                xdone
 .text          0x00000000810034b8       0x20 binaries/yield.o
                0x00000000810034b8                yield
 .text          0x00000000810034d8        0xc binaries/abs.o
                0x00000000810034d8                abs
 .text          0x00000000810034e4      0x130 binaries/atoi.o
                0x00000000810034e4                atoi
 .text          0x0000000081003614      0x130 binaries/atol.o
                0x0000000081003614                atol
 .text          0x0000000081003744       0x20 binaries/bzero.o
                0x0000000081003744                bzero
 .text          0x0000000081003764        0x0 binaries/ctype_.o
 .text          0x0000000081003764      0x968 binaries/doprnt.o
                0x0000000081003954                _doprnt
 .text          0x00000000810040cc      0x728 binaries/doscan.o
                0x00000000810040cc                _doscan
 .text          0x00000000810047f4      0x8c0 binaries/fdoprnt.o
                0x00000000810048a4                _fdoprnt
 .text          0x00000000810050b4       0x14 binaries/fgetc.o
                0x00000000810050b4                fgetc
 .text          0x00000000810050c8       0x84 binaries/fgets.o
                0x00000000810050c8                fgets
 .text          0x000000008100514c       0x3c binaries/fprintf.o
                0x000000008100514c                fprintf
 .text          0x0000000081005188       0x24 binaries/fputc.o
                0x0000000081005188                fputc
 .text          0x00000000810051ac       0x38 binaries/fputs.o
                0x00000000810051ac                fputs
 .text          0x00000000810051e4       0x78 binaries/fscanf.o
                0x0000000081005218                fscanf
 .text          0x000000008100525c       0x2c binaries/getchar.o
                0x000000008100525c                getchar
 .text          0x0000000081005288        0xc binaries/labs.o
                0x0000000081005288                labs
 .text          0x0000000081005294       0x40 binaries/memchr.o
                0x0000000081005294                memchr
 .text          0x00000000810052d4       0x58 binaries/memcmp.o
                0x00000000810052d4                memcmp
 .text          0x000000008100532c       0x24 binaries/memcpy.o
                0x000000008100532c                memcpy
 .text          0x0000000081005350       0x20 binaries/memset.o
                0x0000000081005350                memset
 .text          0x0000000081005370       0x58 binaries/printf.o
                0x0000000081005370                printf
 .text          0x00000000810053c8       0x2c binaries/putchar.o
                0x00000000810053c8                putchar
 .text          0x00000000810053f4      0x238 binaries/qsort.o
                0x000000008100560c                qsort
 .text          0x000000008100562c       0x38 binaries/rand.o
                0x000000008100562c                srand
                0x000000008100563c                rand
 .text          0x0000000081005664       0x68 binaries/sprintf.o
                0x000000008100567c                sprintf
 .text          0x00000000810056cc       0x78 binaries/sscanf.o
                0x0000000081005700                sscanf
 .text          0x0000000081005744       0x40 binaries/strchr.o
                0x0000000081005744                strchr
 .text          0x0000000081005784       0x54 binaries/strcmp.o
                0x0000000081005784                strcmp
 .text          0x00000000810057d8       0x1c binaries/strcpy.o
                0x00000000810057d8                strcpy
 .text          0x00000000810057f4       0x30 binaries/strlen.o
                0x00000000810057f4                strlen
 .text          0x0000000081005824       0x50 binaries/strncat.o
                0x0000000081005824                strncat
 .text          0x0000000081005874       0x50 binaries/strncmp.o
                0x0000000081005874                strncmp
 .text          0x00000000810058c4       0x80 binaries/strncpy.o
                0x00000000810058c4                strncpy
 .text          0x0000000081005944       0x50 binaries/strnlen.o
                0x0000000081005944                strnlen
 .text          0x0000000081005994       0x40 binaries/strrchr.o
                0x0000000081005994                strrchr
 .text          0x00000000810059d4       0xb0 binaries/strstr.o
                0x00000000810059d4                strstr
 .text          0x0000000081005a84      0x154 binaries/ttycontrol.o
                0x0000000081005a84                ttycontrol
 .text          0x0000000081005bd8       0xc8 binaries/ttygetc.o
                0x0000000081005bd8                ttygetc
 .text          0x0000000081005ca0      0x4d4 binaries/ttyhandle_in.o
                0x0000000081005d6c                ttyhandle_in
 .text          0x0000000081006174      0x16c binaries/ttyhandle_out.o
                0x0000000081006174                ttyhandle_out
 .text          0x00000000810062e0       0xcc binaries/ttyhandler.o
                0x00000000810062e0                ttyhandler
 .text          0x00000000810063ac      0x144 binaries/ttyinit.o
                0x00000000810063ac                ttyinit
 .text          0x00000000810064f0        0xc binaries/ttykickout.o
                0x00000000810064f0                ttykickout
 .text          0x00000000810064fc       0x9c binaries/ttyputc.o
                0x00000000810064fc                ttyputc
 .text          0x0000000081006598      0x134 binaries/ttyread.o
                0x0000000081006598                ttyread
 .text          0x00000000810066cc       0x48 binaries/ttywrite.o
                0x00000000810066cc                ttywrite
 .text          0x0000000081006714      0x160 binaries/mount.o
                0x0000000081006714                namlen
                0x000000008100676c                mount
 .text          0x0000000081006874      0x1c0 binaries/naminit.o
                0x0000000081006874                naminit
 .text          0x0000000081006a34      0x24c binaries/nammap.o
                0x0000000081006a34                namrepl
                0x0000000081006b84                namcpy
                0x0000000081006be0                nammap
 .text          0x0000000081006c80       0x40 binaries/namopen.o
                0x0000000081006c80                namopen
 .text          0x0000000081006cc0      0x108 binaries/colon2mac.o
                0x0000000081006cc0                colon2mac
 .text          0x0000000081006dc8       0x44 binaries/ethcontrol.o
                0x0000000081006dc8                ethcontrol
 .text          0x0000000081006e0c      0x178 binaries/ethhandler.o
                0x0000000081006e0c                ethhandler
 .text          0x0000000081006f84      0x7f8 binaries/ethinit.o
                0x0000000081006f84                eth_phy_read
                0x0000000081006fe8                eth_phy_write
                0x0000000081007030                eth_phy_reset
                0x0000000081007190                ethinit
 .text          0x000000008100777c       0xf8 binaries/ethread.o
                0x000000008100777c                ethread
 .text          0x0000000081007874       0xf8 binaries/ethwrite.o
                0x0000000081007874                ethwrite
 .text          0x000000008100796c       0x88 binaries/rdsbufalloc.o
                0x000000008100796c                rdsbufalloc
 .text          0x00000000810079f4       0xe8 binaries/rdsclose.o
                0x00000000810079f4                rdsclose
 .text          0x0000000081007adc      0x1e8 binaries/rdscomm.o
                0x0000000081007adc                rdscomm
 .text          0x0000000081007cc4      0x1b0 binaries/rdscontrol.o
                0x0000000081007cc4                rdscontrol
 .text          0x0000000081007e74      0x1e0 binaries/rdsinit.o
                0x0000000081007e74                rdsinit
 .text          0x0000000081008054      0x1a0 binaries/rdsopen.o
                0x0000000081008054                rdsopen
 .text          0x00000000810081f4      0x2d4 binaries/rdsprocess.o
                0x00000000810081f4                rdsprocess
 .text          0x00000000810084c8      0x240 binaries/rdsread.o
                0x00000000810084c8                rdsread
 .text          0x0000000081008708      0x1d0 binaries/rdswrite.o
                0x0000000081008708                rdswrite
 .text          0x00000000810088d8        0x8 binaries/ramclose.o
                0x00000000810088d8                ramclose
 .text          0x00000000810088e0       0x3c binaries/raminit.o
                0x00000000810088e0                raminit
 .text          0x000000008100891c        0x8 binaries/ramopen.o
                0x000000008100891c                ramopen
 .text          0x0000000081008924       0x24 binaries/ramread.o
                0x0000000081008924                ramread
 .text          0x0000000081008948       0x20 binaries/ramwrite.o
                0x0000000081008948                ramwrite
 .text          0x0000000081008968       0x94 binaries/lfdballoc.o
                0x0000000081008968                lfdballoc
 .text          0x00000000810089fc       0x4c binaries/lfdbfree.o
                0x00000000810089fc                lfdbfree
 .text          0x0000000081008a48       0xb8 binaries/lfflush.o
                0x0000000081008a48                lfflush
 .text          0x0000000081008b00       0xc8 binaries/lfgetmode.o
                0x0000000081008b00                lfgetmode
 .text          0x0000000081008bc8       0x6c binaries/lfiballoc.o
                0x0000000081008bc8                lfiballoc
 .text          0x0000000081008c34       0x28 binaries/lfibclear.o
                0x0000000081008c34                lfibclear
 .text          0x0000000081008c5c       0x64 binaries/lfibget.o
                0x0000000081008c5c                lfibget
 .text          0x0000000081008cc0       0x90 binaries/lfibput.o
                0x0000000081008cc0                lfibput
 .text          0x0000000081008d50       0xc4 binaries/lflclose.o
                0x0000000081008d50                lflclose
 .text          0x0000000081008e14       0xc8 binaries/lflcontrol.o
                0x0000000081008e14                lflcontrol
 .text          0x0000000081008edc      0x10c binaries/lflgetc.o
                0x0000000081008edc                lflgetc
 .text          0x0000000081008fe8       0xd0 binaries/lflinit.o
                0x0000000081008fe8                lflinit
 .text          0x00000000810090b8      0x14c binaries/lflputc.o
                0x00000000810090b8                lflputc
 .text          0x0000000081009204       0x70 binaries/lflread.o
                0x0000000081009204                lflread
 .text          0x0000000081009274       0xc0 binaries/lflseek.o
                0x0000000081009274                lflseek
 .text          0x0000000081009334       0x50 binaries/lflwrite.o
                0x0000000081009334                lflwrite
 .text          0x0000000081009384      0x11c binaries/lfsckfmt.o
                0x0000000081009384                lfsckfmt
 .text          0x00000000810094a0      0x15c binaries/lfscreate.o
                0x00000000810094a0                lfscreate
 .text          0x00000000810095fc      0x1f0 binaries/lfsetup.o
                0x00000000810095fc                lfsetup
 .text          0x00000000810097ec       0x44 binaries/lfsinit.o
                0x00000000810097ec                lfsinit
 .text          0x0000000081009830      0x378 binaries/lfsopen.o
                0x0000000081009830                lfsopen
 .text          0x0000000081009ba8      0x110 binaries/lftruncate.o
                0x0000000081009ba8                lftruncate
 .text          0x0000000081009cb8       0x7c binaries/rflclose.o
                0x0000000081009cb8                rflclose
 .text          0x0000000081009d34       0x28 binaries/rflgetc.o
                0x0000000081009d34                rflgetc
 .text          0x0000000081009d5c       0x88 binaries/rflinit.o
                0x0000000081009d5c                rflinit
 .text          0x0000000081009de4       0x2c binaries/rflputc.o
                0x0000000081009de4                rflputc
 .text          0x0000000081009e10      0x2c4 binaries/rflread.o
                0x0000000081009e10                rflread
 .text          0x000000008100a0d4       0x7c binaries/rflseek.o
                0x000000008100a0d4                rflseek
 .text          0x000000008100a150      0x2e0 binaries/rflwrite.o
                0x000000008100a150                rflwrite
 .text          0x000000008100a430      0x198 binaries/rfscomm.o
                0x000000008100a430                rfscomm
 .text          0x000000008100a5c8      0x224 binaries/rfscontrol.o
                0x000000008100a5c8                rfscontrol
 .text          0x000000008100a7ec       0xc8 binaries/rfsgetmode.o
                0x000000008100a7ec                rfsgetmode
 .text          0x000000008100a8b4       0x84 binaries/rfsinit.o
                0x000000008100a8b4                rfsinit
 .text          0x000000008100a938       0x98 binaries/rfsndmsg.o
                0x000000008100a938                rfsndmsg
 .text          0x000000008100a9d0      0x238 binaries/rfsopen.o
                0x000000008100a9d0                rfsopen
 .text          0x000000008100ac08      0x780 binaries/arp.o
                0x000000008100ac08                arp_init
                0x000000008100ac28                arp_alloc
                0x000000008100ad00                arp_ntoh
                0x000000008100ada4                arp_hton
                0x000000008100ae48                arp_resolve
                0x000000008100b0e0                arp_in
 .text          0x000000008100b388      0xd78 binaries/dhcp.o
                0x000000008100b388                dump_dhcp_msg
                0x000000008100b9ac                get_dhcp_option_value
                0x000000008100ba08                build_dhcp_discover
                0x000000008100bb34                build_dhcp_request
                0x000000008100bce0                getlocalip_boot
                0x000000008100c0e8                getlocalip
 .text          0x000000008100c100      0x414 binaries/dns.o
                0x000000008100c100                dns_bldq
                0x000000008100c1ac                dns_getrname
                0x000000008100c270                dns_geta
                0x000000008100c3a0                dns_qa
 .text          0x000000008100c514      0x108 binaries/dot2ip.o
                0x000000008100c514                dot2ip
 .text          0x000000008100c61c      0x328 binaries/hexdump.o
                0x000000008100c61c                hexdump
                0x000000008100c768                hexadump
 .text          0x000000008100c944      0x71c binaries/icmp.o
                0x000000008100c944                icmp_init
                0x000000008100c968                icmp_register
                0x000000008100ca28                icmp_recv
                0x000000008100cbc8                icmp_mkpkt
                0x000000008100ccb8                icmp_in
                0x000000008100ce44                icmp_send
                0x000000008100ceb4                icmp_release
                0x000000008100cf9c                icmp_cksum
                0x000000008100cff8                icmp_hton
                0x000000008100d02c                icmp_ntoh
 .text          0x000000008100d060      0x688 binaries/ip.o
                0x000000008100d060                ip_local
                0x000000008100d090                ipcksum
                0x000000008100d0d4                ip_ntoh
                0x000000008100d178                ip_in
                0x000000008100d2b4                ip_hton
                0x000000008100d358                ip_out
                0x000000008100d40c                ip_send
                0x000000008100d53c                ipout
                0x000000008100d64c                ip_enqueue
 .text          0x000000008100d6e8      0x1c4 binaries/net.o
                0x000000008100d6e8                net_init
                0x000000008100d7e0                eth_hton
                0x000000008100d7f4                eth_ntoh
                0x000000008100d808                netin
 .text          0x000000008100d8ac       0xa4 binaries/netstart.o
                0x000000008100d8ac                netstart
 .text          0x000000008100d950      0x9dc binaries/pdump.o
                0x000000008100d950                pdump
                0x000000008100dedc                pdumph
 .text          0x000000008100e32c      0x580 binaries/tftp.o
                0x000000008100e32c                tftp_send1
                0x000000008100e418                tftpget_mb
                0x000000008100e878                tftpget
 .text          0x000000008100e8ac      0xa20 binaries/udp.o
                0x000000008100e8ac                udp_init
                0x000000008100e8d4                udp_in
                0x000000008100ea08                udp_register
                0x000000008100eb0c                udp_recv
                0x000000008100eca8                udp_recvaddr
                0x000000008100ee60                udp_send
                0x000000008100f008                udp_sendto
                0x000000008100f174                udp_release
                0x000000008100f264                udp_ntoh
                0x000000008100f298                udp_hton
 .text          0x000000008100f2cc      0x13c binaries/addargs.o
                0x000000008100f2cc                addargs
 .text          0x000000008100f408      0x28c binaries/lexan.o
                0x000000008100f408                lexan
 .text          0x000000008100f694      0x68c binaries/shell.o
                0x000000008100f694                shell
 .text          0x000000008100fd20       0x64 binaries/xsh_argecho.o
                0x000000008100fd20                xsh_argecho
 .text          0x000000008100fd84      0x1c8 binaries/xsh_arp.o
                0x000000008100fd84                xsh_arp
 .text          0x000000008100ff4c      0x234 binaries/xsh_cat.o
                0x000000008100ff4c                xsh_cat
 .text          0x0000000081010180       0x5c binaries/xsh_clear.o
                0x0000000081010180                xsh_clear
 .text          0x00000000810101dc      0x29c binaries/xsh_date.o
                0x00000000810101dc                xsh_date
 .text          0x0000000081010478       0x98 binaries/xsh_devdump.o
                0x0000000081010478                xsh_devdump
 .text          0x0000000081010510       0x68 binaries/xsh_echo.o
                0x0000000081010510                xsh_echo
 .text          0x0000000081010578        0x8 binaries/xsh_exit.o
                0x0000000081010578                xsh_exit
 .text          0x0000000081010580      0x18c binaries/xsh_hello.o
                0x0000000081010580                xsh_hello
 .text          0x000000008101070c      0x3b8 binaries/xsh_help.o
                0x000000008101070c                xsh_help
 .text          0x0000000081010ac4      0x354 binaries/xsh_ipaddr.o
                0x0000000081010ac4                xsh_ipaddr
 .text          0x0000000081010e18      0x1fc binaries/xsh_kill.o
                0x0000000081010e18                xsh_kill
 .text          0x0000000081011014      0x2ac binaries/xsh_led.o
                0x0000000081011014                xsh_led
 .text          0x00000000810112c0      0x434 binaries/xsh_memdump.o
                0x00000000810113b4                xsh_memdump
 .text          0x00000000810116f4      0x224 binaries/xsh_memstat.o
                0x00000000810116f4                xsh_memstat
 .text          0x0000000081011918      0x3b8 binaries/xsh_ping.o
                0x0000000081011918                xsh_ping
 .text          0x0000000081011cd0      0x238 binaries/xsh_prodcons.o
                0x0000000081011cd0                xsh_prodcons
 .text          0x0000000081011f08      0x220 binaries/xsh_ps.o
                0x0000000081011f08                xsh_ps
 .text          0x0000000081012128      0x1d4 binaries/xsh_sleep.o
                0x0000000081012128                xsh_sleep
 .text          0x00000000810122fc      0x244 binaries/xsh_udpdump.o
                0x00000000810122fc                xsh_udpdump
 .text          0x0000000081012540      0x3fc binaries/xsh_udpecho.o
                0x0000000081012540                xsh_udpecho
 .text          0x000000008101293c      0x250 binaries/xsh_udpeserver.o
                0x000000008101293c                xsh_udpeserver
 .text          0x0000000081012b8c      0x1b4 binaries/xsh_uptime.o
                0x0000000081012b8c                xsh_uptime
 .text          0x0000000081012d40       0x58 binaries/consume.o
                0x0000000081012d40                consumer
 .text          0x0000000081012d98       0x34 binaries/future_cons.o
                0x0000000081012d98                future_cons
 .text          0x0000000081012dcc       0x34 binaries/future_prod.o
                0x0000000081012dcc                future_prod
 .text          0x0000000081012e00       0x60 binaries/produce.o
                0x0000000081012e00                producer
 .text          0x0000000081012e60       0x2c binaries/ctxsw.o
                0x0000000081012e60                ctxsw
 .text          0x0000000081012e8c      0x100 binaries/intr.o
                0x0000000081012e8c                disable
                0x0000000081012e98                restore
                0x0000000081012ebc                enable
                0x0000000081012ec4                pause
                0x0000000081012ec4                halt
                0x0000000081012ecc                irq_except
                0x0000000081012efc                initevec
                0x0000000081012f5c                expjmpinstr
 .text          0x0000000081012f8c      0x114 /usr/lib/gcc/arm-none-eabi/4.9.3/libgcc.a(_udivsi3.o)
                0x0000000081012f8c                __udivsi3
                0x0000000081012f8c                __aeabi_uidiv
                0x0000000081013080                __aeabi_uidivmod
 .text          0x00000000810130a0      0x148 /usr/lib/gcc/arm-none-eabi/4.9.3/libgcc.a(_divsi3.o)
                0x00000000810130a0                __aeabi_idiv
                0x00000000810130a0                __divsi3
                0x00000000810131c8                __aeabi_idivmod
 .text          0x00000000810131e8        0x4 /usr/lib/gcc/arm-none-eabi/4.9.3/libgcc.a(_dvmd_tls.o)
                0x00000000810131e8                __aeabi_ldiv0
                0x00000000810131e8                __aeabi_idiv0
 *(.rodata .rodata.*)
 .rodata.str1.4
                0x00000000810131ec       0x78 binaries/ascdate.o
 .rodata.str1.4
                0x0000000081013264       0xcb binaries/conf.o
 *fill*         0x000000008101332f        0x1 
 .rodata.str1.4
                0x0000000081013330       0x28 binaries/future_alloc.o
 .rodata.str1.4
                0x0000000081013358       0x60 binaries/getutime.o
 .rodata.str1.4
                0x00000000810133b8      0x16c binaries/initialize.o
                                        0x170 (size before relaxing)
 .rodata.str1.4
                0x0000000081013524       0x56 binaries/main.o
 *fill*         0x000000008101357a        0x2 
 .rodata.str1.4
                0x000000008101357c       0x10 binaries/panic.o
 .rodata.str1.4
                0x000000008101358c       0x1c binaries/ptinit.o
 .rodata.str1.4
                0x00000000810135a8       0x25 binaries/ptsend.o
 *fill*         0x00000000810135cd        0x3 
 .rodata.str1.4
                0x00000000810135d0       0x27 binaries/xdone.o
 *fill*         0x00000000810135f7        0x1 
 .rodata        0x00000000810135f8       0x81 binaries/ctype_.o
                0x00000000810135f8                _ctype_
 *fill*         0x0000000081013679        0x3 
 .rodata.str1.4
                0x000000008101367c       0x2f binaries/doprnt.o
 .rodata.str1.4
                0x0000000000000000       0x2d binaries/fdoprnt.o
 *fill*         0x00000000810136ab        0x1 
 .rodata.str1.4
                0x00000000810136ac       0x86 binaries/naminit.o
                                         0x8e (size before relaxing)
 *fill*         0x0000000081013732        0x2 
 .rodata.str1.4
                0x0000000081013734       0xe5 binaries/ethinit.o
 *fill*         0x0000000081013819        0x3 
 .rodata.str1.4
                0x000000008101381c       0x12 binaries/ethread.o
 *fill*         0x000000008101382e        0x2 
 .rodata.str1.4
                0x0000000081013830       0x2c binaries/rdsbufalloc.o
 .rodata.str1.4
                0x000000008101385c       0x76 binaries/rdscomm.o
 *fill*         0x00000000810138d2        0x2 
 .rodata.str1.4
                0x00000000810138d4       0x48 binaries/rdscontrol.o
 .rodata.str1.4
                0x000000008101391c       0x96 binaries/rdsinit.o
 *fill*         0x00000000810139b2        0x2 
 .rodata.str1.4
                0x00000000810139b4       0x22 binaries/rdsopen.o
 *fill*         0x00000000810139d6        0x2 
 .rodata.str1.4
                0x00000000810139d8       0x4d binaries/rdsprocess.o
 *fill*         0x0000000081013a25        0x3 
 .rodata.str1.4
                0x0000000081013a28        0x9 binaries/raminit.o
 *fill*         0x0000000081013a31        0x3 
 .rodata.str1.4
                0x0000000081013a34       0x37 binaries/lfdballoc.o
 *fill*         0x0000000081013a6b        0x1 
 .rodata.str1.4
                0x0000000081013a6c       0x14 binaries/lfiballoc.o
 .rodata.str1.4
                0x0000000081013a80       0x23 binaries/lflcontrol.o
 *fill*         0x0000000081013aa3        0x1 
 .rodata.str1.4
                0x0000000081013aa4       0xbb binaries/lfsckfmt.o
 *fill*         0x0000000081013b5f        0x1 
 .rodata.str1.4
                0x0000000081013b60       0x21 binaries/rflread.o
 .rodata.str1.4
                0x0000000000000000       0x21 binaries/rflwrite.o
 *fill*         0x0000000081013b81        0x3 
 .rodata.str1.4
                0x0000000081013b84       0x75 binaries/rfscomm.o
 *fill*         0x0000000081013bf9        0x3 
 .rodata.str1.4
                0x0000000081013bfc       0x23 binaries/rfscontrol.o
 *fill*         0x0000000081013c1f        0x1 
 .rodata.str1.4
                0x0000000081013c20       0x63 binaries/rfsinit.o
 *fill*         0x0000000081013c83        0x1 
 .rodata.str1.4
                0x0000000081013c84       0x2a binaries/rfsndmsg.o
 .rodata.str1.4
                0x0000000000000000       0x22 binaries/rfsopen.o
 *fill*         0x0000000081013cae        0x2 
 .rodata.str1.4
                0x0000000081013cb0       0x3d binaries/arp.o
 *fill*         0x0000000081013ced        0x3 
 .rodata.str1.4
                0x0000000081013cf0      0x462 binaries/dhcp.o
                                        0x466 (size before relaxing)
 *fill*         0x0000000081014152        0x2 
 .rodata.str1.4
                0x0000000081014154       0xca binaries/hexdump.o
                                         0xd6 (size before relaxing)
 *fill*         0x000000008101421e        0x2 
 .rodata.str1.4
                0x0000000081014220       0x29 binaries/icmp.o
 *fill*         0x0000000081014249        0x3 
 .rodata.str1.4
                0x000000008101424c       0x6e binaries/ip.o
 *fill*         0x00000000810142ba        0x2 
 .rodata.str1.4
                0x00000000810142bc       0x53 binaries/net.o
 *fill*         0x000000008101430f        0x1 
 .rodata.str1.4
                0x0000000081014310       0x7f binaries/netstart.o
 *fill*         0x000000008101438f        0x1 
 .rodata.str1.4
                0x0000000081014390      0x292 binaries/pdump.o
                                        0x296 (size before relaxing)
 *fill*         0x0000000081014622        0x2 
 .rodata.str1.4
                0x0000000081014624      0x178 binaries/tftp.o
                                        0x17c (size before relaxing)
 .rodata        0x000000008101479c      0x114 binaries/shell.o
                0x000000008101479c                cmdtab
 .rodata.str1.4
                0x00000000810148b0      0x2fd binaries/shell.o
                                        0x305 (size before relaxing)
 *fill*         0x0000000081014bad        0x3 
 .rodata.str1.4
                0x0000000081014bb0       0x29 binaries/xsh_argecho.o
                                         0x2e (size before relaxing)
 *fill*         0x0000000081014bd9        0x3 
 .rodata.str1.4
                0x0000000081014bdc      0x13e binaries/xsh_arp.o
                                        0x142 (size before relaxing)
 *fill*         0x0000000081014d1a        0x2 
 .rodata.str1.4
                0x0000000081014d1c       0x81 binaries/xsh_cat.o
                                         0xd1 (size before relaxing)
 *fill*         0x0000000081014d9d        0x3 
 .rodata.str1.4
                0x0000000081014da0       0x15 binaries/xsh_clear.o
 *fill*         0x0000000081014db5        0x3 
 .rodata.str1.4
                0x0000000081014db8      0x1af binaries/xsh_date.o
                                        0x1cb (size before relaxing)
 *fill*         0x0000000081014f67        0x1 
 .rodata.str1.4
                0x0000000081014f68       0x61 binaries/xsh_devdump.o
 *fill*         0x0000000081014fc9        0x3 
 .rodata.str1.4
                0x0000000081014fcc        0x8 binaries/xsh_echo.o
                                          0xa (size before relaxing)
 .rodata.str1.4
                0x0000000081014fd4       0xa2 binaries/xsh_hello.o
                                        0x122 (size before relaxing)
 *fill*         0x0000000081015076        0x2 
 .rodata.str1.4
                0x0000000081015078       0xe7 binaries/xsh_help.o
                                        0x17a (size before relaxing)
 *fill*         0x000000008101515f        0x1 
 .rodata.str1.4
                0x0000000081015160       0xfb binaries/xsh_ipaddr.o
                                        0x1ab (size before relaxing)
 *fill*         0x000000008101525b        0x1 
 .rodata.str1.4
                0x000000008101525c       0xc8 binaries/xsh_kill.o
                                        0x136 (size before relaxing)
 .rodata.str1.4
                0x0000000081015324       0xf7 binaries/xsh_led.o
                                        0x16b (size before relaxing)
 *fill*         0x000000008101541b        0x1 
 .rodata.str1.4
                0x000000008101541c      0x1ca binaries/xsh_memdump.o
                                        0x262 (size before relaxing)
 *fill*         0x00000000810155e6        0x2 
 .rodata.str1.4
                0x00000000810155e8      0x1cc binaries/xsh_memstat.o
                                        0x232 (size before relaxing)
 .rodata.str1.4
                0x00000000810157b4      0x13f binaries/xsh_ping.o
                                        0x1b2 (size before relaxing)
 *fill*         0x00000000810158f3        0x1 
 .rodata.str1.4
                0x00000000810158f4       0xa5 binaries/xsh_prodcons.o
                                        0x125 (size before relaxing)
 *fill*         0x0000000081015999        0x3 
 .rodata        0x000000008101599c       0x20 binaries/xsh_ps.o
 .rodata.str1.4
                0x00000000810159bc      0x11a binaries/xsh_ps.o
                                        0x1d2 (size before relaxing)
 *fill*         0x0000000081015ad6        0x2 
 .rodata.str1.4
                0x0000000081015ad8       0x5e binaries/xsh_sleep.o
                                         0xf6 (size before relaxing)
 *fill*         0x0000000081015b36        0x2 
 .rodata        0x0000000081015b38        0xc binaries/xsh_udpdump.o
 .rodata.str1.4
                0x0000000081015b44      0x122 binaries/xsh_udpdump.o
                                        0x1de (size before relaxing)
 *fill*         0x0000000081015c66        0x2 
 .rodata.str1.4
                0x0000000081015c68      0x1ae binaries/xsh_udpecho.o
                                        0x222 (size before relaxing)
 *fill*         0x0000000081015e16        0x2 
 .rodata.str1.4
                0x0000000081015e18       0x97 binaries/xsh_udpeserver.o
                                        0x13b (size before relaxing)
 *fill*         0x0000000081015eaf        0x1 
 .rodata.str1.4
                0x0000000081015eb0       0x77 binaries/xsh_uptime.o
                                        0x112 (size before relaxing)
 *fill*         0x0000000081015f27        0x1 
 .rodata.str1.4
                0x0000000081015f28        0xf binaries/consume.o
 *fill*         0x0000000081015f37        0x1 
 .rodata.str1.4
                0x0000000081015f38       0x10 binaries/produce.o
                                          0xf (size before relaxing)
                0x0000000081015f48                etext = ABSOLUTE (.)
                0x0000000081016000                . = ALIGN (0x1000)
 *fill*         0x0000000081015f48       0xb8 

.glue_7         0x0000000081016000        0x0
 .glue_7        0x0000000000000000        0x0 linker stubs

.glue_7t        0x0000000081016000        0x0
 .glue_7t       0x0000000000000000        0x0 linker stubs

.vfp11_veneer   0x0000000081016000        0x0
 .vfp11_veneer  0x0000000000000000        0x0 linker stubs

.v4_bx          0x0000000081016000        0x0
 .v4_bx         0x0000000000000000        0x0 linker stubs

.iplt           0x0000000081016000        0x0
 .iplt          0x0000000000000000        0x0 binaries/start.o

.rel.dyn        0x0000000081016000        0x0
 .rel.iplt      0x0000000000000000        0x0 binaries/start.o

.data           0x0000000081016000     0x1000
                0x0000000081016000                data = ABSOLUTE (.)
 *(.data .data.*)
 .data          0x0000000081016000        0x0 binaries/start.o
 .data          0x0000000081016000       0x88 binaries/ascdate.o
                0x0000000081016000                Date
 .data          0x0000000081016088        0x0 binaries/bufinit.o
 .data          0x0000000081016088        0x0 binaries/chprio.o
 .data          0x0000000081016088        0x4 binaries/clkhandler.o
 .data          0x000000008101608c        0x0 binaries/clkinit.o
 .data          0x000000008101608c        0x0 binaries/close.o
 .data          0x000000008101608c      0x5a0 binaries/conf.o
                0x000000008101608c                devtab
 .data          0x000000008101662c        0x0 binaries/control.o
 .data          0x000000008101662c        0x4 binaries/create.o
 .data          0x0000000081016630       0x3d binaries/evec.o
                0x0000000081016630                expmsg2
                0x0000000081016644                expmsg1
 .data          0x000000008101666d        0x0 binaries/exit.o
 .data          0x000000008101666d        0x0 binaries/freebuf.o
 .data          0x000000008101666d        0x0 binaries/freemem.o
 .data          0x000000008101666d        0x0 binaries/future_alloc.o
 .data          0x000000008101666d        0x0 binaries/future_free.o
 .data          0x000000008101666d        0x0 binaries/future_get.o
 .data          0x000000008101666d        0x0 binaries/future_set.o
 .data          0x000000008101666d        0x0 binaries/getbuf.o
 .data          0x000000008101666d        0x0 binaries/getc.o
 .data          0x000000008101666d        0x0 binaries/getdev.o
 .data          0x000000008101666d        0x0 binaries/getitem.o
 .data          0x000000008101666d        0x0 binaries/getmem.o
 .data          0x000000008101666d        0x0 binaries/getpid.o
 .data          0x000000008101666d        0x0 binaries/getprio.o
 .data          0x000000008101666d        0x0 binaries/getstk.o
 .data          0x000000008101666d        0x0 binaries/gettime.o
 .data          0x000000008101666d        0x0 binaries/getutime.o
 .data          0x000000008101666d        0x0 binaries/init.o
 .data          0x000000008101666d        0x0 binaries/initialize.o
 .data          0x000000008101666d        0x0 binaries/insert.o
 .data          0x000000008101666d        0x0 binaries/insertd.o
 .data          0x000000008101666d        0x0 binaries/ioerr.o
 .data          0x000000008101666d        0x0 binaries/ionull.o
 .data          0x000000008101666d        0x0 binaries/kill.o
 .data          0x000000008101666d        0x0 binaries/kprintf.o
 *fill*         0x000000008101666d        0x3 
 .data          0x0000000081016670        0x4 binaries/main.o
                0x0000000081016670                gcounter
 .data          0x0000000081016674        0x0 binaries/mark.o
 .data          0x0000000081016674        0x0 binaries/meminit.o
 .data          0x0000000081016674        0x0 binaries/mkbufpool.o
 .data          0x0000000081016674        0x2 binaries/newqueue.o
 .data          0x0000000081016676        0x0 binaries/open.o
 .data          0x0000000081016676        0x0 binaries/panic.o
 .data          0x0000000081016676        0x0 binaries/platinit.o
 .data          0x0000000081016676        0x0 binaries/ptclear.o
 .data          0x0000000081016676        0x0 binaries/ptcount.o
 .data          0x0000000081016676        0x0 binaries/ptcreate.o
 .data          0x0000000081016676        0x0 binaries/ptdelete.o
 .data          0x0000000081016676        0x0 binaries/ptinit.o
 .data          0x0000000081016676        0x0 binaries/ptrecv.o
 .data          0x0000000081016676        0x0 binaries/ptreset.o
 .data          0x0000000081016676        0x0 binaries/ptsend.o
 .data          0x0000000081016676        0x0 binaries/putc.o
 .data          0x0000000081016676        0x0 binaries/queue.o
 .data          0x0000000081016676        0x0 binaries/read.o
 .data          0x0000000081016676        0x0 binaries/ready.o
 .data          0x0000000081016676        0x0 binaries/receive.o
 .data          0x0000000081016676        0x0 binaries/recvclr.o
 .data          0x0000000081016676        0x0 binaries/recvtime.o
 .data          0x0000000081016676        0x0 binaries/resched.o
 .data          0x0000000081016676        0x0 binaries/resume.o
 .data          0x0000000081016676        0x0 binaries/seek.o
 .data          0x0000000081016676        0x0 binaries/semcount.o
 .data          0x0000000081016676        0x0 binaries/semcreate.o
 .data          0x0000000081016676        0x0 binaries/semdelete.o
 .data          0x0000000081016676        0x0 binaries/semreset.o
 .data          0x0000000081016676        0x0 binaries/send.o
 .data          0x0000000081016676        0x0 binaries/signal.o
 .data          0x0000000081016676        0x0 binaries/signaln.o
 .data          0x0000000081016676        0x0 binaries/sleep.o
 .data          0x0000000081016676        0x0 binaries/suspend.o
 .data          0x0000000081016676        0x0 binaries/unsleep.o
 .data          0x0000000081016676        0x0 binaries/userret.o
 .data          0x0000000081016676        0x0 binaries/wait.o
 .data          0x0000000081016676        0x0 binaries/wakeup.o
 .data          0x0000000081016676        0x0 binaries/write.o
 .data          0x0000000081016676        0x0 binaries/xdone.o
 .data          0x0000000081016676        0x0 binaries/yield.o
 .data          0x0000000081016676        0x0 binaries/abs.o
 .data          0x0000000081016676        0x0 binaries/atoi.o
 .data          0x0000000081016676        0x0 binaries/atol.o
 .data          0x0000000081016676        0x0 binaries/bzero.o
 .data          0x0000000081016676        0x0 binaries/ctype_.o
 .data          0x0000000081016676        0x0 binaries/doprnt.o
 *fill*         0x0000000081016676        0x2 
 .data          0x0000000081016678       0x80 binaries/doscan.o
                0x0000000081016678                _sctab
 .data          0x00000000810166f8        0x0 binaries/fdoprnt.o
 .data          0x00000000810166f8        0x0 binaries/fgetc.o
 .data          0x00000000810166f8        0x0 binaries/fgets.o
 .data          0x00000000810166f8        0x0 binaries/fprintf.o
 .data          0x00000000810166f8        0x0 binaries/fputc.o
 .data          0x00000000810166f8        0x0 binaries/fputs.o
 .data          0x00000000810166f8        0x0 binaries/fscanf.o
 .data          0x00000000810166f8        0x0 binaries/getchar.o
 .data          0x00000000810166f8        0x0 binaries/labs.o
 .data          0x00000000810166f8        0x0 binaries/memchr.o
 .data          0x00000000810166f8        0x0 binaries/memcmp.o
 .data          0x00000000810166f8        0x0 binaries/memcpy.o
 .data          0x00000000810166f8        0x0 binaries/memset.o
 .data          0x00000000810166f8        0x0 binaries/printf.o
 .data          0x00000000810166f8        0x0 binaries/putchar.o
 .data          0x00000000810166f8        0x0 binaries/qsort.o
 .data          0x00000000810166f8        0x4 binaries/rand.o
 .data          0x00000000810166fc        0x0 binaries/sprintf.o
 .data          0x00000000810166fc        0x0 binaries/sscanf.o
 .data          0x00000000810166fc        0x0 binaries/strchr.o
 .data          0x00000000810166fc        0x0 binaries/strcmp.o
 .data          0x00000000810166fc        0x0 binaries/strcpy.o
 .data          0x00000000810166fc        0x0 binaries/strlen.o
 .data          0x00000000810166fc        0x0 binaries/strncat.o
 .data          0x00000000810166fc        0x0 binaries/strncmp.o
 .data          0x00000000810166fc        0x0 binaries/strncpy.o
 .data          0x00000000810166fc        0x0 binaries/strnlen.o
 .data          0x00000000810166fc        0x0 binaries/strrchr.o
 .data          0x00000000810166fc        0x0 binaries/strstr.o
 .data          0x00000000810166fc        0x0 binaries/ttycontrol.o
 .data          0x00000000810166fc        0x0 binaries/ttygetc.o
 .data          0x00000000810166fc        0x0 binaries/ttyhandle_in.o
 .data          0x00000000810166fc        0x0 binaries/ttyhandle_out.o
 .data          0x00000000810166fc        0x0 binaries/ttyhandler.o
 .data          0x00000000810166fc        0x0 binaries/ttyinit.o
 .data          0x00000000810166fc        0x0 binaries/ttykickout.o
 .data          0x00000000810166fc        0x0 binaries/ttyputc.o
 .data          0x00000000810166fc        0x0 binaries/ttyread.o
 .data          0x00000000810166fc        0x0 binaries/ttywrite.o
 .data          0x00000000810166fc        0x0 binaries/mount.o
 .data          0x00000000810166fc        0x0 binaries/naminit.o
 .data          0x00000000810166fc        0x0 binaries/nammap.o
 .data          0x00000000810166fc        0x0 binaries/namopen.o
 .data          0x00000000810166fc        0x0 binaries/colon2mac.o
 .data          0x00000000810166fc        0x0 binaries/ethcontrol.o
 .data          0x00000000810166fc        0x0 binaries/ethhandler.o
 .data          0x00000000810166fc        0x0 binaries/ethinit.o
 .data          0x00000000810166fc        0x0 binaries/ethread.o
 .data          0x00000000810166fc        0x0 binaries/ethwrite.o
 .data          0x00000000810166fc        0x0 binaries/rdsbufalloc.o
 .data          0x00000000810166fc        0x0 binaries/rdsclose.o
 .data          0x00000000810166fc        0x0 binaries/rdscomm.o
 .data          0x00000000810166fc        0x0 binaries/rdscontrol.o
 .data          0x00000000810166fc        0x0 binaries/rdsinit.o
 .data          0x00000000810166fc        0x0 binaries/rdsopen.o
 .data          0x00000000810166fc        0x0 binaries/rdsprocess.o
 .data          0x00000000810166fc        0x0 binaries/rdsread.o
 .data          0x00000000810166fc        0x0 binaries/rdswrite.o
 .data          0x00000000810166fc        0x0 binaries/ramclose.o
 .data          0x00000000810166fc        0x0 binaries/raminit.o
 .data          0x00000000810166fc        0x0 binaries/ramopen.o
 .data          0x00000000810166fc        0x0 binaries/ramread.o
 .data          0x00000000810166fc        0x0 binaries/ramwrite.o
 .data          0x00000000810166fc        0x0 binaries/lfdballoc.o
 .data          0x00000000810166fc        0x0 binaries/lfdbfree.o
 .data          0x00000000810166fc        0x0 binaries/lfflush.o
 .data          0x00000000810166fc        0x0 binaries/lfgetmode.o
 .data          0x00000000810166fc        0x0 binaries/lfiballoc.o
 .data          0x00000000810166fc        0x0 binaries/lfibclear.o
 .data          0x00000000810166fc        0x0 binaries/lfibget.o
 .data          0x00000000810166fc        0x0 binaries/lfibput.o
 .data          0x00000000810166fc        0x0 binaries/lflclose.o
 .data          0x00000000810166fc        0x0 binaries/lflcontrol.o
 .data          0x00000000810166fc        0x0 binaries/lflgetc.o
 .data          0x00000000810166fc        0x0 binaries/lflinit.o
 .data          0x00000000810166fc        0x0 binaries/lflputc.o
 .data          0x00000000810166fc        0x0 binaries/lflread.o
 .data          0x00000000810166fc        0x0 binaries/lflseek.o
 .data          0x00000000810166fc        0x0 binaries/lflwrite.o
 .data          0x00000000810166fc        0x0 binaries/lfsckfmt.o
 .data          0x00000000810166fc        0x0 binaries/lfscreate.o
 .data          0x00000000810166fc        0x0 binaries/lfsetup.o
 .data          0x00000000810166fc        0x0 binaries/lfsinit.o
 .data          0x00000000810166fc        0x0 binaries/lfsopen.o
 .data          0x00000000810166fc        0x0 binaries/lftruncate.o
 .data          0x00000000810166fc        0x0 binaries/rflclose.o
 .data          0x00000000810166fc        0x0 binaries/rflgetc.o
 .data          0x00000000810166fc        0x0 binaries/rflinit.o
 .data          0x00000000810166fc        0x0 binaries/rflputc.o
 .data          0x00000000810166fc        0x0 binaries/rflread.o
 .data          0x00000000810166fc        0x0 binaries/rflseek.o
 .data          0x00000000810166fc        0x0 binaries/rflwrite.o
 .data          0x00000000810166fc        0x0 binaries/rfscomm.o
 .data          0x00000000810166fc        0x0 binaries/rfscontrol.o
 .data          0x00000000810166fc        0x0 binaries/rfsgetmode.o
 .data          0x00000000810166fc        0x0 binaries/rfsinit.o
 .data          0x00000000810166fc        0x0 binaries/rfsndmsg.o
 .data          0x00000000810166fc        0x0 binaries/rfsopen.o
 .data          0x00000000810166fc        0x0 binaries/arp.o
 .data          0x00000000810166fc        0x0 binaries/dhcp.o
 .data          0x00000000810166fc        0x0 binaries/dns.o
 .data          0x00000000810166fc        0x0 binaries/dot2ip.o
 .data          0x00000000810166fc        0x0 binaries/hexdump.o
 .data          0x00000000810166fc        0x4 binaries/icmp.o
 .data          0x0000000081016700        0x0 binaries/ip.o
 .data          0x0000000081016700        0x0 binaries/net.o
 .data          0x0000000081016700        0x0 binaries/netstart.o
 .data          0x0000000081016700        0x0 binaries/pdump.o
 .data          0x0000000081016700        0x0 binaries/tftp.o
 .data          0x0000000081016700        0x4 binaries/udp.o
 .data          0x0000000081016704        0x0 binaries/addargs.o
 .data          0x0000000081016704        0x0 binaries/lexan.o
 .data          0x0000000081016704        0x4 binaries/shell.o
                0x0000000081016704                ncmd
 .data          0x0000000081016708        0x0 binaries/xsh_argecho.o
 .data          0x0000000081016708        0x0 binaries/xsh_arp.o
 .data          0x0000000081016708        0x0 binaries/xsh_cat.o
 .data          0x0000000081016708        0x0 binaries/xsh_clear.o
 .data          0x0000000081016708        0x0 binaries/xsh_date.o
 .data          0x0000000081016708        0x0 binaries/xsh_devdump.o
 .data          0x0000000081016708        0x0 binaries/xsh_echo.o
 .data          0x0000000081016708        0x0 binaries/xsh_exit.o
 .data          0x0000000081016708        0x0 binaries/xsh_hello.o
 .data          0x0000000081016708        0x0 binaries/xsh_help.o
 .data          0x0000000081016708        0x0 binaries/xsh_ipaddr.o
 .data          0x0000000081016708        0x0 binaries/xsh_kill.o
 .data          0x0000000081016708        0x0 binaries/xsh_led.o
 .data          0x0000000081016708        0x0 binaries/xsh_memdump.o
 .data          0x0000000081016708        0x0 binaries/xsh_memstat.o
 .data          0x0000000081016708        0x0 binaries/xsh_ping.o
 .data          0x0000000081016708        0x0 binaries/xsh_prodcons.o
 .data          0x0000000081016708        0x0 binaries/xsh_ps.o
 .data          0x0000000081016708        0x0 binaries/xsh_sleep.o
 .data          0x0000000081016708        0x0 binaries/xsh_udpdump.o
 .data          0x0000000081016708        0x0 binaries/xsh_udpecho.o
 .data          0x0000000081016708        0x0 binaries/xsh_udpeserver.o
 .data          0x0000000081016708        0x0 binaries/xsh_uptime.o
 .data          0x0000000081016708        0x0 binaries/consume.o
 .data          0x0000000081016708        0x0 binaries/future_cons.o
 .data          0x0000000081016708        0x0 binaries/future_prod.o
 .data          0x0000000081016708        0x0 binaries/produce.o
 .data          0x0000000081016708        0x0 binaries/ctxsw.o
 .data          0x0000000081016708        0x0 binaries/intr.o
 .data          0x0000000081016708        0x0 /usr/lib/gcc/arm-none-eabi/4.9.3/libgcc.a(_udivsi3.o)
 .data          0x0000000081016708        0x0 /usr/lib/gcc/arm-none-eabi/4.9.3/libgcc.a(_divsi3.o)
 .data          0x0000000081016708        0x0 /usr/lib/gcc/arm-none-eabi/4.9.3/libgcc.a(_dvmd_tls.o)
                0x0000000081016708                edata = ABSOLUTE (.)
                0x0000000081017000                . = ALIGN (0x1000)
 *fill*         0x0000000081016708      0x8f8 

.igot.plt       0x0000000081017000        0x0
 .igot.plt      0x0000000000000000        0x0 binaries/start.o

.bss            0x0000000081017000    0x20000
                0x0000000081017000                bss = ABSOLUTE (.)
 *(.bss .bss.*)
 .bss           0x0000000081017000        0x0 binaries/start.o
 .bss           0x0000000081017000        0x0 binaries/ascdate.o
 .bss           0x0000000081017000        0x0 binaries/bufinit.o
 .bss           0x0000000081017000        0x0 binaries/chprio.o
 .bss           0x0000000081017000        0x0 binaries/clkhandler.o
 .bss           0x0000000081017000        0x4 binaries/clkinit.o
                0x0000000081017000                ctr1000
 .bss           0x0000000081017004        0x0 binaries/close.o
 .bss           0x0000000081017004        0x0 binaries/conf.o
 .bss           0x0000000081017004        0x0 binaries/control.o
 .bss           0x0000000081017004        0x0 binaries/create.o
 .bss           0x0000000081017004        0x0 binaries/evec.o
 .bss           0x0000000081017004        0x0 binaries/exit.o
 .bss           0x0000000081017004        0x0 binaries/freebuf.o
 .bss           0x0000000081017004        0x0 binaries/freemem.o
 .bss           0x0000000081017004        0x0 binaries/future_alloc.o
 .bss           0x0000000081017004        0x0 binaries/future_free.o
 .bss           0x0000000081017004        0x0 binaries/future_get.o
 .bss           0x0000000081017004        0x0 binaries/future_set.o
 .bss           0x0000000081017004        0x0 binaries/getbuf.o
 .bss           0x0000000081017004        0x0 binaries/getc.o
 .bss           0x0000000081017004        0x0 binaries/getdev.o
 .bss           0x0000000081017004        0x0 binaries/getitem.o
 .bss           0x0000000081017004        0x0 binaries/getmem.o
 .bss           0x0000000081017004        0x0 binaries/getpid.o
 .bss           0x0000000081017004        0x0 binaries/getprio.o
 .bss           0x0000000081017004        0x0 binaries/getstk.o
 .bss           0x0000000081017004        0x0 binaries/gettime.o
 .bss           0x0000000081017004        0x0 binaries/getutime.o
 .bss           0x0000000081017004        0x0 binaries/init.o
 .bss           0x0000000081017004        0x0 binaries/initialize.o
 .bss           0x0000000081017004        0x0 binaries/insert.o
 .bss           0x0000000081017004        0x0 binaries/insertd.o
 .bss           0x0000000081017004        0x0 binaries/ioerr.o
 .bss           0x0000000081017004        0x0 binaries/ionull.o
 .bss           0x0000000081017004        0x0 binaries/kill.o
 .bss           0x0000000081017004        0x0 binaries/kprintf.o
 .bss           0x0000000081017004        0x0 binaries/main.o
 .bss           0x0000000081017004        0x0 binaries/mark.o
 .bss           0x0000000081017004        0x0 binaries/meminit.o
 .bss           0x0000000081017004        0x0 binaries/mkbufpool.o
 .bss           0x0000000081017004        0x0 binaries/newqueue.o
 .bss           0x0000000081017004        0x0 binaries/open.o
 .bss           0x0000000081017004        0x0 binaries/panic.o
 .bss           0x0000000081017004        0x0 binaries/platinit.o
 .bss           0x0000000081017004        0x0 binaries/ptclear.o
 .bss           0x0000000081017004        0x0 binaries/ptcount.o
 .bss           0x0000000081017004        0x0 binaries/ptcreate.o
 .bss           0x0000000081017004        0x0 binaries/ptdelete.o
 .bss           0x0000000081017004        0x0 binaries/ptinit.o
 .bss           0x0000000081017004        0x0 binaries/ptrecv.o
 .bss           0x0000000081017004        0x0 binaries/ptreset.o
 .bss           0x0000000081017004        0x0 binaries/ptsend.o
 .bss           0x0000000081017004        0x0 binaries/putc.o
 .bss           0x0000000081017004        0x0 binaries/queue.o
 .bss           0x0000000081017004        0x0 binaries/read.o
 .bss           0x0000000081017004        0x0 binaries/ready.o
 .bss           0x0000000081017004        0x0 binaries/receive.o
 .bss           0x0000000081017004        0x0 binaries/recvclr.o
 .bss           0x0000000081017004        0x0 binaries/recvtime.o
 .bss           0x0000000081017004        0x0 binaries/resched.o
 .bss           0x0000000081017004        0x0 binaries/resume.o
 .bss           0x0000000081017004        0x0 binaries/seek.o
 .bss           0x0000000081017004        0x0 binaries/semcount.o
 .bss           0x0000000081017004        0x4 binaries/semcreate.o
 .bss           0x0000000081017008        0x0 binaries/semdelete.o
 .bss           0x0000000081017008        0x0 binaries/semreset.o
 .bss           0x0000000081017008        0x0 binaries/send.o
 .bss           0x0000000081017008        0x0 binaries/signal.o
 .bss           0x0000000081017008        0x0 binaries/signaln.o
 .bss           0x0000000081017008        0x0 binaries/sleep.o
 .bss           0x0000000081017008        0x0 binaries/suspend.o
 .bss           0x0000000081017008        0x0 binaries/unsleep.o
 .bss           0x0000000081017008        0x0 binaries/userret.o
 .bss           0x0000000081017008        0x0 binaries/wait.o
 .bss           0x0000000081017008        0x0 binaries/wakeup.o
 .bss           0x0000000081017008        0x0 binaries/write.o
 .bss           0x0000000081017008        0x0 binaries/xdone.o
 .bss           0x0000000081017008        0x0 binaries/yield.o
 .bss           0x0000000081017008        0x0 binaries/abs.o
 .bss           0x0000000081017008        0x0 binaries/atoi.o
 .bss           0x0000000081017008        0x0 binaries/atol.o
 .bss           0x0000000081017008        0x0 binaries/bzero.o
 .bss           0x0000000081017008        0x0 binaries/ctype_.o
 .bss           0x0000000081017008        0x0 binaries/doprnt.o
 .bss           0x0000000081017008        0x0 binaries/doscan.o
 .bss           0x0000000081017008        0x0 binaries/fdoprnt.o
 .bss           0x0000000081017008        0x0 binaries/fgetc.o
 .bss           0x0000000081017008        0x0 binaries/fgets.o
 .bss           0x0000000081017008        0x0 binaries/fprintf.o
 .bss           0x0000000081017008        0x0 binaries/fputc.o
 .bss           0x0000000081017008        0x0 binaries/fputs.o
 .bss           0x0000000081017008        0x0 binaries/fscanf.o
 .bss           0x0000000081017008        0x0 binaries/getchar.o
 .bss           0x0000000081017008        0x0 binaries/labs.o
 .bss           0x0000000081017008        0x0 binaries/memchr.o
 .bss           0x0000000081017008        0x0 binaries/memcmp.o
 .bss           0x0000000081017008        0x0 binaries/memcpy.o
 .bss           0x0000000081017008        0x0 binaries/memset.o
 .bss           0x0000000081017008        0x0 binaries/printf.o
 .bss           0x0000000081017008        0x0 binaries/putchar.o
 .bss           0x0000000081017008        0x8 binaries/qsort.o
 .bss           0x0000000081017010        0x0 binaries/rand.o
 .bss           0x0000000081017010        0x0 binaries/sprintf.o
 .bss           0x0000000081017010        0x0 binaries/sscanf.o
 .bss           0x0000000081017010        0x0 binaries/strchr.o
 .bss           0x0000000081017010        0x0 binaries/strcmp.o
 .bss           0x0000000081017010        0x0 binaries/strcpy.o
 .bss           0x0000000081017010        0x0 binaries/strlen.o
 .bss           0x0000000081017010        0x0 binaries/strncat.o
 .bss           0x0000000081017010        0x0 binaries/strncmp.o
 .bss           0x0000000081017010        0x0 binaries/strncpy.o
 .bss           0x0000000081017010        0x0 binaries/strnlen.o
 .bss           0x0000000081017010        0x0 binaries/strrchr.o
 .bss           0x0000000081017010        0x0 binaries/strstr.o
 .bss           0x0000000081017010        0x0 binaries/ttycontrol.o
 .bss           0x0000000081017010        0x0 binaries/ttygetc.o
 .bss           0x0000000081017010        0x0 binaries/ttyhandle_in.o
 .bss           0x0000000081017010        0x0 binaries/ttyhandle_out.o
 .bss           0x0000000081017010        0x0 binaries/ttyhandler.o
 .bss           0x0000000081017010        0x0 binaries/ttyinit.o
 .bss           0x0000000081017010        0x0 binaries/ttykickout.o
 .bss           0x0000000081017010        0x0 binaries/ttyputc.o
 .bss           0x0000000081017010        0x0 binaries/ttyread.o
 .bss           0x0000000081017010        0x0 binaries/ttywrite.o
 .bss           0x0000000081017010        0x0 binaries/mount.o
 .bss           0x0000000081017010        0x0 binaries/naminit.o
 .bss           0x0000000081017010        0x0 binaries/nammap.o
 .bss           0x0000000081017010        0x0 binaries/namopen.o
 .bss           0x0000000081017010        0x0 binaries/colon2mac.o
 .bss           0x0000000081017010        0x0 binaries/ethcontrol.o
 .bss           0x0000000081017010        0x0 binaries/ethhandler.o
 .bss           0x0000000081017010        0x0 binaries/ethinit.o
 .bss           0x0000000081017010        0x0 binaries/ethread.o
 .bss           0x0000000081017010        0x0 binaries/ethwrite.o
 .bss           0x0000000081017010        0x0 binaries/rdsbufalloc.o
 .bss           0x0000000081017010        0x0 binaries/rdsclose.o
 .bss           0x0000000081017010        0x0 binaries/rdscomm.o
 .bss           0x0000000081017010        0x0 binaries/rdscontrol.o
 .bss           0x0000000081017010        0x0 binaries/rdsinit.o
 .bss           0x0000000081017010        0x0 binaries/rdsopen.o
 .bss           0x0000000081017010        0x0 binaries/rdsprocess.o
 .bss           0x0000000081017010        0x0 binaries/rdsread.o
 .bss           0x0000000081017010        0x0 binaries/rdswrite.o
 .bss           0x0000000081017010        0x0 binaries/ramclose.o
 .bss           0x0000000081017010        0x0 binaries/raminit.o
 .bss           0x0000000081017010        0x0 binaries/ramopen.o
 .bss           0x0000000081017010        0x0 binaries/ramread.o
 .bss           0x0000000081017010        0x0 binaries/ramwrite.o
 .bss           0x0000000081017010        0x0 binaries/lfdballoc.o
 .bss           0x0000000081017010        0x0 binaries/lfdbfree.o
 .bss           0x0000000081017010        0x0 binaries/lfflush.o
 .bss           0x0000000081017010        0x0 binaries/lfgetmode.o
 .bss           0x0000000081017010        0x0 binaries/lfiballoc.o
 .bss           0x0000000081017010        0x0 binaries/lfibclear.o
 .bss           0x0000000081017010        0x0 binaries/lfibget.o
 .bss           0x0000000081017010        0x0 binaries/lfibput.o
 .bss           0x0000000081017010        0x0 binaries/lflclose.o
 .bss           0x0000000081017010        0x0 binaries/lflcontrol.o
 .bss           0x0000000081017010        0x0 binaries/lflgetc.o
 .bss           0x0000000081017010        0x0 binaries/lflinit.o
 .bss           0x0000000081017010        0x0 binaries/lflputc.o
 .bss           0x0000000081017010        0x0 binaries/lflread.o
 .bss           0x0000000081017010        0x0 binaries/lflseek.o
 .bss           0x0000000081017010        0x0 binaries/lflwrite.o
 .bss           0x0000000081017010        0x0 binaries/lfsckfmt.o
 .bss           0x0000000081017010        0x0 binaries/lfscreate.o
 .bss           0x0000000081017010        0x0 binaries/lfsetup.o
 .bss           0x0000000081017010        0x0 binaries/lfsinit.o
 .bss           0x0000000081017010        0x0 binaries/lfsopen.o
 .bss           0x0000000081017010        0x0 binaries/lftruncate.o
 .bss           0x0000000081017010        0x0 binaries/rflclose.o
 .bss           0x0000000081017010        0x0 binaries/rflgetc.o
 .bss           0x0000000081017010        0x0 binaries/rflinit.o
 .bss           0x0000000081017010        0x0 binaries/rflputc.o
 .bss           0x0000000081017010        0x0 binaries/rflread.o
 .bss           0x0000000081017010        0x0 binaries/rflseek.o
 .bss           0x0000000081017010        0x0 binaries/rflwrite.o
 .bss           0x0000000081017010        0x0 binaries/rfscomm.o
 .bss           0x0000000081017010        0x0 binaries/rfscontrol.o
 .bss           0x0000000081017010        0x0 binaries/rfsgetmode.o
 .bss           0x0000000081017010        0x0 binaries/rfsinit.o
 .bss           0x0000000081017010        0x0 binaries/rfsndmsg.o
 .bss           0x0000000081017010        0x0 binaries/rfsopen.o
 .bss           0x0000000081017010        0x0 binaries/arp.o
 .bss           0x0000000081017010        0x0 binaries/dhcp.o
 .bss           0x0000000081017010        0x0 binaries/dns.o
 .bss           0x0000000081017010        0x0 binaries/dot2ip.o
 .bss           0x0000000081017010        0x0 binaries/hexdump.o
 .bss           0x0000000081017010        0x0 binaries/icmp.o
 .bss           0x0000000081017010        0x0 binaries/ip.o
 .bss           0x0000000081017010        0x0 binaries/net.o
 .bss           0x0000000081017010        0x0 binaries/netstart.o
 .bss           0x0000000081017010        0x0 binaries/pdump.o
 .bss           0x0000000081017010        0x0 binaries/tftp.o
 .bss           0x0000000081017010        0x0 binaries/udp.o
 .bss           0x0000000081017010        0x0 binaries/addargs.o
 .bss           0x0000000081017010        0x0 binaries/lexan.o
 .bss           0x0000000081017010        0x0 binaries/shell.o
 .bss           0x0000000081017010        0x0 binaries/xsh_argecho.o
 .bss           0x0000000081017010        0x0 binaries/xsh_arp.o
 .bss           0x0000000081017010        0x0 binaries/xsh_cat.o
 .bss           0x0000000081017010        0x0 binaries/xsh_clear.o
 .bss           0x0000000081017010        0x0 binaries/xsh_date.o
 .bss           0x0000000081017010        0x0 binaries/xsh_devdump.o
 .bss           0x0000000081017010        0x0 binaries/xsh_echo.o
 .bss           0x0000000081017010        0x0 binaries/xsh_exit.o
 .bss           0x0000000081017010        0x0 binaries/xsh_hello.o
 .bss           0x0000000081017010        0x0 binaries/xsh_help.o
 .bss           0x0000000081017010        0x0 binaries/xsh_ipaddr.o
 .bss           0x0000000081017010        0x0 binaries/xsh_kill.o
 .bss           0x0000000081017010        0x0 binaries/xsh_led.o
 .bss           0x0000000081017010        0x0 binaries/xsh_memdump.o
 .bss           0x0000000081017010        0x0 binaries/xsh_memstat.o
 .bss           0x0000000081017010        0x4 binaries/xsh_ping.o
 .bss           0x0000000081017014        0x0 binaries/xsh_prodcons.o
 .bss           0x0000000081017014        0x0 binaries/xsh_ps.o
 .bss           0x0000000081017014        0x0 binaries/xsh_sleep.o
 .bss           0x0000000081017014        0x0 binaries/xsh_udpdump.o
 .bss           0x0000000081017014        0x0 binaries/xsh_udpecho.o
 .bss           0x0000000081017014        0x0 binaries/xsh_udpeserver.o
 .bss           0x0000000081017014        0x0 binaries/xsh_uptime.o
 .bss           0x0000000081017014        0x0 binaries/consume.o
 .bss           0x0000000081017014        0x0 binaries/future_cons.o
 .bss           0x0000000081017014        0x0 binaries/future_prod.o
 .bss           0x0000000081017014        0x0 binaries/produce.o
 .bss           0x0000000081017014        0x0 binaries/ctxsw.o
 .bss           0x0000000081017014        0x0 binaries/intr.o
 .bss           0x0000000081017014        0x0 /usr/lib/gcc/arm-none-eabi/4.9.3/libgcc.a(_udivsi3.o)
 .bss           0x0000000081017014        0x0 /usr/lib/gcc/arm-none-eabi/4.9.3/libgcc.a(_divsi3.o)
 .bss           0x0000000081017014        0x0 /usr/lib/gcc/arm-none-eabi/4.9.3/libgcc.a(_dvmd_tls.o)
 *(COMMON)
 COMMON         0x0000000081017014       0xf4 binaries/bufinit.o
                0x0000000081017014                buftab
                0x0000000081017104                nbpools
 COMMON         0x0000000081017108        0xc binaries/clkinit.o
                0x0000000081017108                sleepq
                0x000000008101710c                preempt
                0x0000000081017110                clktime
 COMMON         0x0000000081017114      0x200 binaries/evec.o
                0x0000000081017114                intc_vector
 COMMON         0x0000000081017314     0x1aa0 binaries/initialize.o
                0x0000000081017314                currpid
                0x0000000081017318                proctab
                0x00000000810188f8                prcount
                0x00000000810188fc                semtab
                0x0000000081018dac                memlist
 COMMON         0x0000000081018db4        0x4 binaries/main.o
                0x0000000081018db4                cpudelay
 COMMON         0x0000000081018db8       0x58 binaries/mark.o
                0x0000000081018db8                marks
[...]
 .ARM.attributes
                0x0000000000002322       0x35 binaries/rflclose.o
 .ARM.attributes
                0x0000000000002357       0x35 binaries/rflgetc.o
 .ARM.attributes
                0x000000000000238c       0x35 binaries/rflinit.o
 .ARM.attributes
                0x00000000000023c1       0x35 binaries/rflputc.o
 .ARM.attributes
                0x00000000000023f6       0x35 binaries/rflread.o
 .ARM.attributes
                0x000000000000242b       0x35 binaries/rflseek.o
 .ARM.attributes
                0x0000000000002460       0x35 binaries/rflwrite.o
 .ARM.attributes
                0x0000000000002495       0x35 binaries/rfscomm.o
 .ARM.attributes
                0x00000000000024ca       0x35 binaries/rfscontrol.o
 .ARM.attributes
                0x00000000000024ff       0x35 binaries/rfsgetmode.o
 .ARM.attributes
                0x0000000000002534       0x35 binaries/rfsinit.o
 .ARM.attributes
                0x0000000000002569       0x35 binaries/rfsndmsg.o
 .ARM.attributes
                0x000000000000259e       0x35 binaries/rfsopen.o
 .ARM.attributes
                0x00000000000025d3       0x35 binaries/arp.o
 .ARM.attributes
                0x0000000000002608       0x35 binaries/dhcp.o
 .ARM.attributes
                0x000000000000263d       0x35 binaries/dns.o
 .ARM.attributes
                0x0000000000002672       0x35 binaries/dot2ip.o
 .ARM.attributes
                0x00000000000026a7       0x35 binaries/hexdump.o
 .ARM.attributes
                0x00000000000026dc       0x35 binaries/icmp.o
 .ARM.attributes
                0x0000000000002711       0x35 binaries/ip.o
 .ARM.attributes
                0x0000000000002746       0x35 binaries/net.o
 .ARM.attributes
                0x000000000000277b       0x35 binaries/netstart.o
 .ARM.attributes
                0x00000000000027b0       0x35 binaries/pdump.o
 .ARM.attributes
                0x00000000000027e5       0x35 binaries/tftp.o
 .ARM.attributes
                0x000000000000281a       0x35 binaries/udp.o
 .ARM.attributes
                0x000000000000284f       0x35 binaries/addargs.o
 .ARM.attributes
                0x0000000000002884       0x35 binaries/lexan.o
 .ARM.attributes
                0x00000000000028b9       0x35 binaries/shell.o
 .ARM.attributes
                0x00000000000028ee       0x35 binaries/xsh_argecho.o
 .ARM.attributes
                0x0000000000002923       0x35 binaries/xsh_arp.o
 .ARM.attributes
                0x0000000000002958       0x35 binaries/xsh_cat.o
 .ARM.attributes
                0x000000000000298d       0x35 binaries/xsh_clear.o
 .ARM.attributes
                0x00000000000029c2       0x35 binaries/xsh_date.o
 .ARM.attributes
                0x00000000000029f7       0x35 binaries/xsh_devdump.o
 .ARM.attributes
                0x0000000000002a2c       0x35 binaries/xsh_echo.o
 .ARM.attributes
                0x0000000000002a61       0x35 binaries/xsh_exit.o
 .ARM.attributes
                0x0000000000002a96       0x35 binaries/xsh_hello.o
 .ARM.attributes
                0x0000000000002acb       0x35 binaries/xsh_help.o
 .ARM.attributes
                0x0000000000002b00       0x35 binaries/xsh_ipaddr.o
 .ARM.attributes
                0x0000000000002b35       0x35 binaries/xsh_kill.o
 .ARM.attributes
                0x0000000000002b6a       0x35 binaries/xsh_led.o
 .ARM.attributes
                0x0000000000002b9f       0x35 binaries/xsh_memdump.o
 .ARM.attributes
                0x0000000000002bd4       0x35 binaries/xsh_memstat.o
 .ARM.attributes
                0x0000000000002c09       0x35 binaries/xsh_ping.o
 .ARM.attributes
                0x0000000000002c3e       0x35 binaries/xsh_prodcons.o
 .ARM.attributes
                0x0000000000002c73       0x35 binaries/xsh_ps.o
 .ARM.attributes
                0x0000000000002ca8       0x35 binaries/xsh_sleep.o
 .ARM.attributes
                0x0000000000002cdd       0x35 binaries/xsh_udpdump.o
 .ARM.attributes
                0x0000000000002d12       0x35 binaries/xsh_udpecho.o
 .ARM.attributes
                0x0000000000002d47       0x35 binaries/xsh_udpeserver.o
 .ARM.attributes
                0x0000000000002d7c       0x35 binaries/xsh_uptime.o
 .ARM.attributes
                0x0000000000002db1       0x35 binaries/consume.o
 .ARM.attributes
                0x0000000000002de6       0x35 binaries/future_cons.o
 .ARM.attributes
                0x0000000000002e1b       0x35 binaries/future_prod.o
 .ARM.attributes
                0x0000000000002e50       0x35 binaries/produce.o
 .ARM.attributes
                0x0000000000002e85       0x25 binaries/ctxsw.o
 .ARM.attributes
                0x0000000000002eaa       0x25 binaries/intr.o
 .ARM.attributes
                0x0000000000002ecf       0x18 /usr/lib/gcc/arm-none-eabi/4.9.3/libgcc.a(_udivsi3.o)
 .ARM.attributes
                0x0000000000002ee7       0x18 /usr/lib/gcc/arm-none-eabi/4.9.3/libgcc.a(_divsi3.o)
 .ARM.attributes
                0x0000000000002eff       0x18 /usr/lib/gcc/arm-none-eabi/4.9.3/libgcc.a(_dvmd_tls.o)

.comment        0x0000000000000000       0x70
 .comment       0x0000000000000000       0x70 binaries/ascdate.o
                                         0x71 (size before relaxing)
 .comment       0x0000000000000000       0x71 binaries/bufinit.o
 .comment       0x0000000000000000       0x71 binaries/chprio.o
 .comment       0x0000000000000000       0x71 binaries/clkhandler.o
 .comment       0x0000000000000000       0x71 binaries/clkinit.o
 .comment       0x0000000000000000       0x71 binaries/close.o
 .comment       0x0000000000000000       0x71 binaries/conf.o
 .comment       0x0000000000000000       0x71 binaries/control.o
 .comment       0x0000000000000000       0x71 binaries/create.o
 .comment       0x0000000000000000       0x71 binaries/evec.o
 .comment       0x0000000000000000       0x71 binaries/exit.o
 .comment       0x0000000000000000       0x71 binaries/freebuf.o
 .comment       0x0000000000000000       0x71 binaries/freemem.o
 .comment       0x0000000000000000       0x71 binaries/future_alloc.o
 .comment       0x0000000000000000       0x71 binaries/future_free.o
 .comment       0x0000000000000000       0x71 binaries/future_get.o
 .comment       0x0000000000000000       0x71 binaries/future_set.o
 .comment       0x0000000000000000       0x71 binaries/getbuf.o
 .comment       0x0000000000000000       0x71 binaries/getc.o
 .comment       0x0000000000000000       0x71 binaries/getdev.o
 .comment       0x0000000000000000       0x71 binaries/getitem.o
 .comment       0x0000000000000000       0x71 binaries/getmem.o
 .comment       0x0000000000000000       0x71 binaries/getpid.o
 .comment       0x0000000000000000       0x71 binaries/getprio.o
 .comment       0x0000000000000000       0x71 binaries/getstk.o
 .comment       0x0000000000000000       0x71 binaries/gettime.o
 .comment       0x0000000000000000       0x71 binaries/getutime.o
 .comment       0x0000000000000000       0x71 binaries/init.o
 .comment       0x0000000000000000       0x71 binaries/initialize.o
 .comment       0x0000000000000000       0x71 binaries/insert.o
 .comment       0x0000000000000000       0x71 binaries/insertd.o
 .comment       0x0000000000000000       0x71 binaries/ioerr.o
 .comment       0x0000000000000000       0x71 binaries/ionull.o
 .comment       0x0000000000000000       0x71 binaries/kill.o
 .comment       0x0000000000000000       0x71 binaries/kprintf.o
 .comment       0x0000000000000000       0x71 binaries/main.o
 .comment       0x0000000000000000       0x71 binaries/mark.o
 .comment       0x0000000000000000       0x71 binaries/meminit.o
 .comment       0x0000000000000000       0x71 binaries/mkbufpool.o
 .comment       0x0000000000000000       0x71 binaries/newqueue.o
 .comment       0x0000000000000000       0x71 binaries/open.o
 .comment       0x0000000000000000       0x71 binaries/panic.o
 .comment       0x0000000000000000       0x71 binaries/platinit.o
 .comment       0x0000000000000000       0x71 binaries/ptclear.o
 .comment       0x0000000000000000       0x71 binaries/ptcount.o
 .comment       0x0000000000000000       0x71 binaries/ptcreate.o
 .comment       0x0000000000000000       0x71 binaries/ptdelete.o
 .comment       0x0000000000000000       0x71 binaries/ptinit.o
 .comment       0x0000000000000000       0x71 binaries/ptrecv.o
 .comment       0x0000000000000000       0x71 binaries/ptreset.o
 .comment       0x0000000000000000       0x71 binaries/ptsend.o
 .comment       0x0000000000000000       0x71 binaries/putc.o
 .comment       0x0000000000000000       0x71 binaries/queue.o
 .comment       0x0000000000000000       0x71 binaries/read.o
 .comment       0x0000000000000000       0x71 binaries/ready.o
 .comment       0x0000000000000000       0x71 binaries/receive.o
 .comment       0x0000000000000000       0x71 binaries/recvclr.o
 .comment       0x0000000000000000       0x71 binaries/recvtime.o
 .comment       0x0000000000000000       0x71 binaries/resched.o
 .comment       0x0000000000000000       0x71 binaries/resume.o
 .comment       0x0000000000000000       0x71 binaries/seek.o
 .comment       0x0000000000000000       0x71 binaries/semcount.o
 .comment       0x0000000000000000       0x71 binaries/semcreate.o
 .comment       0x0000000000000000       0x71 binaries/semdelete.o
 .comment       0x0000000000000000       0x71 binaries/semreset.o
 .comment       0x0000000000000000       0x71 binaries/send.o
 .comment       0x0000000000000000       0x71 binaries/signal.o
 .comment       0x0000000000000000       0x71 binaries/signaln.o
 .comment       0x0000000000000000       0x71 binaries/sleep.o
 .comment       0x0000000000000000       0x71 binaries/suspend.o
 .comment       0x0000000000000000       0x71 binaries/unsleep.o
 .comment       0x0000000000000000       0x71 binaries/userret.o
 .comment       0x0000000000000000       0x71 binaries/wait.o
 .comment       0x0000000000000000       0x71 binaries/wakeup.o
 .comment       0x0000000000000000       0x71 binaries/write.o
 .comment       0x0000000000000000       0x71 binaries/xdone.o
 .comment       0x0000000000000000       0x71 binaries/yield.o
 .comment       0x0000000000000000       0x71 binaries/abs.o
 .comment       0x0000000000000000       0x71 binaries/atoi.o
 .comment       0x0000000000000000       0x71 binaries/atol.o
 .comment       0x0000000000000000       0x71 binaries/bzero.o
 .comment       0x0000000000000000       0x71 binaries/ctype_.o
 .comment       0x0000000000000000       0x71 binaries/doprnt.o
 .comment       0x0000000000000000       0x71 binaries/doscan.o
 .comment       0x0000000000000000       0x71 binaries/fdoprnt.o
 .comment       0x0000000000000000       0x71 binaries/fgetc.o
 .comment       0x0000000000000000       0x71 binaries/fgets.o
 .comment       0x0000000000000000       0x71 binaries/fprintf.o
 .comment       0x0000000000000000       0x71 binaries/fputc.o
 .comment       0x0000000000000000       0x71 binaries/fputs.o
 .comment       0x0000000000000000       0x71 binaries/fscanf.o
 .comment       0x0000000000000000       0x71 binaries/getchar.o
 .comment       0x0000000000000000       0x71 binaries/labs.o
 .comment       0x0000000000000000       0x71 binaries/memchr.o
 .comment       0x0000000000000000       0x71 binaries/memcmp.o
 .comment       0x0000000000000000       0x71 binaries/memcpy.o
 .comment       0x0000000000000000       0x71 binaries/memset.o
 .comment       0x0000000000000000       0x71 binaries/printf.o
 .comment       0x0000000000000000       0x71 binaries/putchar.o
 .comment       0x0000000000000000       0x71 binaries/qsort.o
 .comment       0x0000000000000000       0x71 binaries/rand.o
 .comment       0x0000000000000000       0x71 binaries/sprintf.o
 .comment       0x0000000000000000       0x71 binaries/sscanf.o
 .comment       0x0000000000000000       0x71 binaries/strchr.o
 .comment       0x0000000000000000       0x71 binaries/strcmp.o
 .comment       0x0000000000000000       0x71 binaries/strcpy.o
 .comment       0x0000000000000000       0x71 binaries/strlen.o
 .comment       0x0000000000000000       0x71 binaries/strncat.o
 .comment       0x0000000000000000       0x71 binaries/strncmp.o
 .comment       0x0000000000000000       0x71 binaries/strncpy.o
 .comment       0x0000000000000000       0x71 binaries/strnlen.o
 .comment       0x0000000000000000       0x71 binaries/strrchr.o
 .comment       0x0000000000000000       0x71 binaries/strstr.o
 .comment       0x0000000000000000       0x71 binaries/ttycontrol.o
 .comment       0x0000000000000000       0x71 binaries/ttygetc.o
 .comment       0x0000000000000000       0x71 binaries/ttyhandle_in.o
 .comment       0x0000000000000000       0x71 binaries/ttyhandle_out.o
 .comment       0x0000000000000000       0x71 binaries/ttyhandler.o
 .comment       0x0000000000000000       0x71 binaries/ttyinit.o
 .comment       0x0000000000000000       0x71 binaries/ttykickout.o
 .comment       0x0000000000000000       0x71 binaries/ttyputc.o
 .comment       0x0000000000000000       0x71 binaries/ttyread.o
 .comment       0x0000000000000000       0x71 binaries/ttywrite.o
 .comment       0x0000000000000000       0x71 binaries/mount.o
 .comment       0x0000000000000000       0x71 binaries/naminit.o
 .comment       0x0000000000000000       0x71 binaries/nammap.o
 .comment       0x0000000000000000       0x71 binaries/namopen.o
 .comment       0x0000000000000000       0x71 binaries/colon2mac.o
 .comment       0x0000000000000000       0x71 binaries/ethcontrol.o
 .comment       0x0000000000000000       0x71 binaries/ethhandler.o
 .comment       0x0000000000000000       0x71 binaries/ethinit.o
 .comment       0x0000000000000000       0x71 binaries/ethread.o
 .comment       0x0000000000000000       0x71 binaries/ethwrite.o
 .comment       0x0000000000000000       0x71 binaries/rdsbufalloc.o
 .comment       0x0000000000000000       0x71 binaries/rdsclose.o
 .comment       0x0000000000000000       0x71 binaries/rdscomm.o
 .comment       0x0000000000000000       0x71 binaries/rdscontrol.o
 .comment       0x0000000000000000       0x71 binaries/rdsinit.o
 .comment       0x0000000000000000       0x71 binaries/rdsopen.o
 .comment       0x0000000000000000       0x71 binaries/rdsprocess.o
 .comment       0x0000000000000000       0x71 binaries/rdsread.o
 .comment       0x0000000000000000       0x71 binaries/rdswrite.o
 .comment       0x0000000000000000       0x71 binaries/ramclose.o
 .comment       0x0000000000000000       0x71 binaries/raminit.o
 .comment       0x0000000000000000       0x71 binaries/ramopen.o
 .comment       0x0000000000000000       0x71 binaries/ramread.o
 .comment       0x0000000000000000       0x71 binaries/ramwrite.o
 .comment       0x0000000000000000       0x71 binaries/lfdballoc.o
 .comment       0x0000000000000000       0x71 binaries/lfdbfree.o
 .comment       0x0000000000000000       0x71 binaries/lfflush.o
 .comment       0x0000000000000000       0x71 binaries/lfgetmode.o
 .comment       0x0000000000000000       0x71 binaries/lfiballoc.o
 .comment       0x0000000000000000       0x71 binaries/lfibclear.o
 .comment       0x0000000000000000       0x71 binaries/lfibget.o
 .comment       0x0000000000000000       0x71 binaries/lfibput.o
 .comment       0x0000000000000000       0x71 binaries/lflclose.o
 .comment       0x0000000000000000       0x71 binaries/lflcontrol.o
 .comment       0x0000000000000000       0x71 binaries/lflgetc.o
 .comment       0x0000000000000000       0x71 binaries/lflinit.o
 .comment       0x0000000000000000       0x71 binaries/lflputc.o
 .comment       0x0000000000000000       0x71 binaries/lflread.o
 .comment       0x0000000000000000       0x71 binaries/lflseek.o
 .comment       0x0000000000000000       0x71 binaries/lflwrite.o
 .comment       0x0000000000000000       0x71 binaries/lfsckfmt.o
 .comment       0x0000000000000000       0x71 binaries/lfscreate.o
 .comment       0x0000000000000000       0x71 binaries/lfsetup.o
 .comment       0x0000000000000000       0x71 binaries/lfsinit.o
 .comment       0x0000000000000000       0x71 binaries/lfsopen.o
 .comment       0x0000000000000000       0x71 binaries/lftruncate.o
 .comment       0x0000000000000000       0x71 binaries/rflclose.o
 .comment       0x0000000000000000       0x71 binaries/rflgetc.o
 .comment       0x0000000000000000       0x71 binaries/rflinit.o
 .comment       0x0000000000000000       0x71 binaries/rflputc.o
 .comment       0x0000000000000000       0x71 binaries/rflread.o
 .comment       0x0000000000000000       0x71 binaries/rflseek.o
 .comment       0x0000000000000000       0x71 binaries/rflwrite.o
 .comment       0x0000000000000000       0x71 binaries/rfscomm.o
 .comment       0x0000000000000000       0x71 binaries/rfscontrol.o
 .comment       0x0000000000000000       0x71 binaries/rfsgetmode.o
 .comment       0x0000000000000000       0x71 binaries/rfsinit.o
 .comment       0x0000000000000000       0x71 binaries/rfsndmsg.o
 .comment       0x0000000000000000       0x71 binaries/rfsopen.o
 .comment       0x0000000000000000       0x71 binaries/arp.o
 .comment       0x0000000000000000       0x71 binaries/dhcp.o
 .comment       0x0000000000000000       0x71 binaries/dns.o
 .comment       0x0000000000000000       0x71 binaries/dot2ip.o
 .comment       0x0000000000000000       0x71 binaries/hexdump.o
 .comment       0x0000000000000000       0x71 binaries/icmp.o
 .comment       0x0000000000000000       0x71 binaries/ip.o
 .comment       0x0000000000000000       0x71 binaries/net.o
 .comment       0x0000000000000000       0x71 binaries/netstart.o
 .comment       0x0000000000000000       0x71 binaries/pdump.o
 .comment       0x0000000000000000       0x71 binaries/tftp.o
 .comment       0x0000000000000000       0x71 binaries/udp.o
 .comment       0x0000000000000000       0x71 binaries/addargs.o
 .comment       0x0000000000000000       0x71 binaries/lexan.o
 .comment       0x0000000000000000       0x71 binaries/shell.o
 .comment       0x0000000000000000       0x71 binaries/xsh_argecho.o
 .comment       0x0000000000000000       0x71 binaries/xsh_arp.o
 .comment       0x0000000000000000       0x71 binaries/xsh_cat.o
 .comment       0x0000000000000000       0x71 binaries/xsh_clear.o
 .comment       0x0000000000000000       0x71 binaries/xsh_date.o
 .comment       0x0000000000000000       0x71 binaries/xsh_devdump.o
 .comment       0x0000000000000000       0x71 binaries/xsh_echo.o
 .comment       0x0000000000000000       0x71 binaries/xsh_exit.o
 .comment       0x0000000000000000       0x71 binaries/xsh_hello.o
 .comment       0x0000000000000000       0x71 binaries/xsh_help.o
 .comment       0x0000000000000000       0x71 binaries/xsh_ipaddr.o
 .comment       0x0000000000000000       0x71 binaries/xsh_kill.o
 .comment       0x0000000000000000       0x71 binaries/xsh_led.o
 .comment       0x0000000000000000       0x71 binaries/xsh_memdump.o
 .comment       0x0000000000000000       0x71 binaries/xsh_memstat.o
 .comment       0x0000000000000000       0x71 binaries/xsh_ping.o
 .comment       0x0000000000000000       0x71 binaries/xsh_prodcons.o
 .comment       0x0000000000000000       0x71 binaries/xsh_ps.o
 .comment       0x0000000000000000       0x71 binaries/xsh_sleep.o
 .comment       0x0000000000000000       0x71 binaries/xsh_udpdump.o
 .comment       0x0000000000000000       0x71 binaries/xsh_udpecho.o
 .comment       0x0000000000000000       0x71 binaries/xsh_udpeserver.o
 .comment       0x0000000000000000       0x71 binaries/xsh_uptime.o
 .comment       0x0000000000000000       0x71 binaries/consume.o
 .comment       0x0000000000000000       0x71 binaries/future_cons.o
 .comment       0x0000000000000000       0x71 binaries/future_prod.o
 .comment       0x0000000000000000       0x71 binaries/produce.o

.debug_frame    0x0000000000000000       0x40
 .debug_frame   0x0000000000000000       0x20 /usr/lib/gcc/arm-none-eabi/4.9.3/libgcc.a(_udivsi3.o)
 .debug_frame   0x0000000000000020       0x20 /usr/lib/gcc/arm-none-eabi/4.9.3/libgcc.a(_divsi3.o)
